Component: ARM Compiler 5.06 update 5 (build 528) Tool: armlink [4d35e2]

==============================================================================

Section Cross References

    startup_stm32f407xx.o(STACK) refers (Special) to heapauxi.o(.text) for __use_two_region_memory
    startup_stm32f407xx.o(HEAP) refers (Special) to heapauxi.o(.text) for __use_two_region_memory
    startup_stm32f407xx.o(RESET) refers (Special) to heapauxi.o(.text) for __use_two_region_memory
    startup_stm32f407xx.o(RESET) refers to startup_stm32f407xx.o(STACK) for __initial_sp
    startup_stm32f407xx.o(RESET) refers to startup_stm32f407xx.o(.text) for Reset_Handler
    startup_stm32f407xx.o(RESET) refers to stm32f4xx_it.o(i.NMI_Handler) for NMI_Handler
    startup_stm32f407xx.o(RESET) refers to stm32f4xx_it.o(i.HardFault_Handler) for HardFault_Handler
    startup_stm32f407xx.o(RESET) refers to stm32f4xx_it.o(i.MemManage_Handler) for MemManage_Handler
    startup_stm32f407xx.o(RESET) refers to stm32f4xx_it.o(i.BusFault_Handler) for BusFault_Handler
    startup_stm32f407xx.o(RESET) refers to stm32f4xx_it.o(i.UsageFault_Handler) for UsageFault_Handler
    startup_stm32f407xx.o(RESET) refers to port.o(.emb_text) for SVC_Handler
    startup_stm32f407xx.o(RESET) refers to stm32f4xx_it.o(i.DebugMon_Handler) for DebugMon_Handler
    startup_stm32f407xx.o(RESET) refers to stm32f4xx_it.o(i.SysTick_Handler) for SysTick_Handler
    startup_stm32f407xx.o(RESET) refers to stm32f4xx_it.o(i.EXTI4_IRQHandler) for EXTI4_IRQHandler
    startup_stm32f407xx.o(RESET) refers to stm32f4xx_it.o(i.DMA1_Stream1_IRQHandler) for DMA1_Stream1_IRQHandler
    startup_stm32f407xx.o(RESET) refers to stm32f4xx_it.o(i.CAN1_TX_IRQHandler) for CAN1_TX_IRQHandler
    startup_stm32f407xx.o(RESET) refers to stm32f4xx_it.o(i.CAN1_RX0_IRQHandler) for CAN1_RX0_IRQHandler
    startup_stm32f407xx.o(RESET) refers to stm32f4xx_it.o(i.EXTI9_5_IRQHandler) for EXTI9_5_IRQHandler
    startup_stm32f407xx.o(RESET) refers to stm32f4xx_it.o(i.USART1_IRQHandler) for USART1_IRQHandler
    startup_stm32f407xx.o(RESET) refers to rc.o(i.USART3_IRQHandler) for USART3_IRQHandler
    startup_stm32f407xx.o(RESET) refers to stm32f4xx_it.o(i.TIM6_DAC_IRQHandler) for TIM6_DAC_IRQHandler
    startup_stm32f407xx.o(RESET) refers to stm32f4xx_it.o(i.DMA2_Stream2_IRQHandler) for DMA2_Stream2_IRQHandler
    startup_stm32f407xx.o(RESET) refers to stm32f4xx_it.o(i.DMA2_Stream3_IRQHandler) for DMA2_Stream3_IRQHandler
    startup_stm32f407xx.o(RESET) refers to stm32f4xx_it.o(i.CAN2_TX_IRQHandler) for CAN2_TX_IRQHandler
    startup_stm32f407xx.o(RESET) refers to stm32f4xx_it.o(i.CAN2_RX0_IRQHandler) for CAN2_RX0_IRQHandler
    startup_stm32f407xx.o(RESET) refers to stm32f4xx_it.o(i.OTG_FS_IRQHandler) for OTG_FS_IRQHandler
    startup_stm32f407xx.o(.text) refers (Special) to heapauxi.o(.text) for __use_two_region_memory
    startup_stm32f407xx.o(.text) refers to system_stm32f4xx.o(i.SystemInit) for SystemInit
    startup_stm32f407xx.o(.text) refers to __main.o(!!!main) for __main
    startup_stm32f407xx.o(.text) refers to startup_stm32f407xx.o(HEAP) for Heap_Mem
    startup_stm32f407xx.o(.text) refers to startup_stm32f407xx.o(STACK) for Stack_Mem
    bsp_flash.o(i.Read_Offset) refers to rt_memclr_w.o(.text) for __aeabi_memclr4
    bsp_flash.o(i.Read_Offset) refers to bsp_flash.o(i.STMFLASH_Read) for STMFLASH_Read
    bsp_flash.o(i.Read_Offset) refers to ins_task.o(i.INS_set_cali_gyro) for INS_set_cali_gyro
    bsp_flash.o(i.Read_Offset) refers to bsp_flash.o(.data) for a
    bsp_flash.o(i.STMFLASH_Read) refers to bsp_flash.o(i.STMFLASH_ReadWord) for STMFLASH_ReadWord
    bsp_flash.o(i.STMFLASH_Write) refers to stm32f4xx_hal_flash.o(i.HAL_FLASH_Unlock) for HAL_FLASH_Unlock
    bsp_flash.o(i.STMFLASH_Write) refers to bsp_flash.o(i.STMFLASH_ReadWord) for STMFLASH_ReadWord
    bsp_flash.o(i.STMFLASH_Write) refers to bsp_flash.o(i.STMFLASH_GetFlashSector) for STMFLASH_GetFlashSector
    bsp_flash.o(i.STMFLASH_Write) refers to bsp_flash.o(i.flash_erase_address) for flash_erase_address
    bsp_flash.o(i.STMFLASH_Write) refers to stm32f4xx_hal_flash_ex.o(i.HAL_FLASHEx_Erase) for HAL_FLASHEx_Erase
    bsp_flash.o(i.STMFLASH_Write) refers to stm32f4xx_hal_flash.o(i.FLASH_WaitForLastOperation) for FLASH_WaitForLastOperation
    bsp_flash.o(i.STMFLASH_Write) refers to stm32f4xx_hal_flash.o(i.HAL_FLASH_Program) for HAL_FLASH_Program
    bsp_flash.o(i.STMFLASH_Write) refers to stm32f4xx_hal_flash.o(i.HAL_FLASH_Lock) for HAL_FLASH_Lock
    bsp_flash.o(i.STMFLASH_Write) refers to bsp_flash.o(.data) for Man
    bsp_flash.o(i.Test_Write) refers to bsp_flash.o(i.STMFLASH_Write) for STMFLASH_Write
    bsp_flash.o(i.flash_erase_address) refers to bsp_flash.o(i.ger_sector) for ger_sector
    bsp_flash.o(i.flash_erase_address) refers to stm32f4xx_hal_flash.o(i.HAL_FLASH_Unlock) for HAL_FLASH_Unlock
    bsp_flash.o(i.flash_erase_address) refers to stm32f4xx_hal_flash_ex.o(i.HAL_FLASHEx_Erase) for HAL_FLASHEx_Erase
[...]
    USB_FlushRxFifo                          0x080090db   Thumb Code    80  stm32f4xx_ll_usb.o(i.USB_FlushRxFifo)
    USB_FlushTxFifo                          0x0800912b   Thumb Code    84  stm32f4xx_ll_usb.o(i.USB_FlushTxFifo)
    USB_GetDevSpeed                          0x0800917f   Thumb Code    38  stm32f4xx_ll_usb.o(i.USB_GetDevSpeed)
    USB_GetMode                              0x080091a5   Thumb Code    10  stm32f4xx_ll_usb.o(i.USB_GetMode)
    USB_ReadDevAllInEpInterrupt              0x080091af   Thumb Code    20  stm32f4xx_ll_usb.o(i.USB_ReadDevAllInEpInterrupt)
    USB_ReadDevAllOutEpInterrupt             0x080091c3   Thumb Code    20  stm32f4xx_ll_usb.o(i.USB_ReadDevAllOutEpInterrupt)
    USB_ReadDevInEPInterrupt                 0x080091d7   Thumb Code    50  stm32f4xx_ll_usb.o(i.USB_ReadDevInEPInterrupt)
    USB_ReadDevOutEPInterrupt                0x08009209   Thumb Code    26  stm32f4xx_ll_usb.o(i.USB_ReadDevOutEPInterrupt)
    USB_ReadInterrupts                       0x08009223   Thumb Code    10  stm32f4xx_ll_usb.o(i.USB_ReadInterrupts)
    USB_ReadPacket                           0x0800922d   Thumb Code    96  stm32f4xx_ll_usb.o(i.USB_ReadPacket)
    USB_SetCurrentMode                       0x0800928d   Thumb Code   104  stm32f4xx_ll_usb.o(i.USB_SetCurrentMode)
    USB_SetDevAddress                        0x080092f5   Thumb Code    42  stm32f4xx_ll_usb.o(i.USB_SetDevAddress)
    USB_SetDevSpeed                          0x0800931f   Thumb Code    18  stm32f4xx_ll_usb.o(i.USB_SetDevSpeed)
    USB_SetTurnaroundTime                    0x08009331   Thumb Code   192  stm32f4xx_ll_usb.o(i.USB_SetTurnaroundTime)
    USB_WritePacket                          0x08009419   Thumb Code    68  stm32f4xx_ll_usb.o(i.USB_WritePacket)
    UsageFault_Handler                       0x0800945d   Thumb Code     4  stm32f4xx_it.o(i.UsageFault_Handler)
    Verify_CRC16_Check_Sum                   0x08009461   Thumb Code    60  crc.o(i.Verify_CRC16_Check_Sum)
    __ARM_fpclassifyf                        0x0800949d   Thumb Code    38  fpclassifyf.o(i.__ARM_fpclassifyf)
    __hardfp_asinf                           0x080094fd   Thumb Code   258  asinf.o(i.__hardfp_asinf)
    __hardfp_atan2f                          0x08009629   Thumb Code   502  atan2f.o(i.__hardfp_atan2f)
    __hardfp_fabs                            0x08009879   Thumb Code    20  fabs.o(i.__hardfp_fabs)
    __mathlib_flt_infnan                     0x0800988d   Thumb Code     6  funder.o(i.__mathlib_flt_infnan)
    __mathlib_flt_infnan2                    0x08009893   Thumb Code     6  funder.o(i.__mathlib_flt_infnan2)
    __mathlib_flt_invalid                    0x08009899   Thumb Code    10  funder.o(i.__mathlib_flt_invalid)
    __mathlib_flt_underflow                  0x080098a9   Thumb Code    10  funder.o(i.__mathlib_flt_underflow)
    _ttywrch                                 0x080098b9   Thumb Code     2  ahrs_middleware.o(i._ttywrch)
    bmi088_accel_init                        0x08009d85   Thumb Code   290  bmi088driver.o(i.bmi088_accel_init)
    bmi088_gyro_init                         0x08009ead   Thumb Code   238  bmi088driver.o(i.bmi088_gyro_init)
    cali_gyro_hook                           0x08009fa1   Thumb Code   122  ins_task.o(i.cali_gyro_hook)
    can_filter_init                          0x0800a02d   Thumb Code    84  can.o(i.can_filter_init)
    deal_dbus                                0x0800a089   Thumb Code   882  rc.o(i.deal_dbus)
    differential_inverse_kinematics          0x0800a405   Thumb Code    50  main.o(i.differential_inverse_kinematics)
    flash_erase_address                      0x0800a437   Thumb Code    46  bsp_flash.o(i.flash_erase_address)
    flash_write                              0x0800a465   Thumb Code    50  bsp_flash.o(i.flash_write)
    getEncoderData                           0x0800a5a1   Thumb Code   364  motor.o(i.getEncoderData)
    get_angle                                0x0800a719   Thumb Code   232  ahrs.o(i.get_angle)
    gyro_offset                              0x0800a801   Thumb Code    70  ins_task.o(i.gyro_offset)
    if_change                                0x0800a84d   Thumb Code    14  rc.o(i.if_change)
    main                                     0x0800a85d   Thumb Code   356  main.o(i.main)
    osDelay                                  0x0800a9ff   Thumb Code    24  cmsis_os.o(i.osDelay)
    osKernelStart                            0x0800aa17   Thumb Code    10  cmsis_os.o(i.osKernelStart)
    osThreadCreate                           0x0800aa21   Thumb Code    94  cmsis_os.o(i.osThreadCreate)
    process_velocity_command                 0x0800aa81   Thumb Code   276  main.o(i.process_velocity_command)
    pvPortMalloc                             0x0800b035   Thumb Code   306  heap_4.o(i.pvPortMalloc)
    pxPortInitialiseStack                    0x0800b181   Thumb Code    38  port.o(i.pxPortInitialiseStack)
    sqrtf                                    0x0800b231   Thumb Code    62  sqrtf_full.o(i.sqrtf)
    uxListRemove                             0x0800b2e9   Thumb Code    40  list.o(i.uxListRemove)
    vApplicationGetIdleTaskMemory            0x0800b311   Thumb Code    16  freertos.o(i.vApplicationGetIdleTaskMemory)
    vListInitialise                          0x0800b329   Thumb Code    26  list.o(i.vListInitialise)
    vListInitialiseItem                      0x0800b343   Thumb Code     6  list.o(i.vListInitialiseItem)
    vListInsert                              0x0800b349   Thumb Code    52  list.o(i.vListInsert)
    vListInsertEnd                           0x0800b37d   Thumb Code    24  list.o(i.vListInsertEnd)
    vPortEnterCritical                       0x0800b395   Thumb Code    76  port.o(i.vPortEnterCritical)
    vPortExitCritical                        0x0800b3e9   Thumb Code    56  port.o(i.vPortExitCritical)
    vPortFree                                0x0800b425   Thumb Code   150  heap_4.o(i.vPortFree)
    vPortSetupTimerInterrupt                 0x0800b4c9   Thumb Code    36  port.o(i.vPortSetupTimerInterrupt)
    vTaskDelay                               0x0800b4f1   Thumb Code    82  tasks.o(i.vTaskDelay)
    vTaskStartScheduler                      0x0800b54d   Thumb Code   146  tasks.o(i.vTaskStartScheduler)
    vTaskSuspendAll                          0x0800b5fd   Thumb Code    12  tasks.o(i.vTaskSuspendAll)
    vTaskSwitchContext                       0x0800b60d   Thumb Code   118  tasks.o(i.vTaskSwitchContext)
    wheel_speed_to_rpm                       0x0800b699   Thumb Code    44  main.o(i.wheel_speed_to_rpm)
    xPortStartScheduler                      0x0800b6cd   Thumb Code   330  port.o(i.xPortStartScheduler)
    xPortSysTickHandler                      0x0800b835   Thumb Code    46  port.o(i.xPortSysTickHandler)
    xTaskCreate                              0x0800b869   Thumb Code   100  tasks.o(i.xTaskCreate)
    xTaskCreateStatic                        0x0800b8cd   Thumb Code   186  tasks.o(i.xTaskCreateStatic)
    xTaskGetSchedulerState                   0x0800b989   Thumb Code    24  tasks.o(i.xTaskGetSchedulerState)
    xTaskIncrementTick                       0x0800b9a9   Thumb Code   282  tasks.o(i.xTaskIncrementTick)
    xTaskResumeAll                           0x0800baf1   Thumb Code   224  tasks.o(i.xTaskResumeAll)
    __aeabi_dneg                             0x0800bbf5   Thumb Code     0  basic.o(x$fpl$basic)
    _dneg                                    0x0800bbf5   Thumb Code     6  basic.o(x$fpl$basic)
    __aeabi_fneg                             0x0800bbfb   Thumb Code     0  basic.o(x$fpl$basic)
    _fneg                                    0x0800bbfb   Thumb Code     6  basic.o(x$fpl$basic)
    _dabs                                    0x0800bc01   Thumb Code     6  basic.o(x$fpl$basic)
    _fabs                                    0x0800bc07   Thumb Code     6  basic.o(x$fpl$basic)
    __aeabi_d2f                              0x0800bc0d   Thumb Code     0  d2f_clz.o(x$fpl$d2f)
    _d2f                                     0x0800bc0d   Thumb Code   700  d2f_clz.o(x$fpl$d2f)
    __aeabi_dadd                             0x0800bed1   Thumb Code     0  daddsub_clz.o(x$fpl$dadd)
    _dadd                                    0x0800bed1   Thumb Code   580  daddsub_clz.o(x$fpl$dadd)
    __fpl_dcmp_Inf                           0x0800c11d   Thumb Code    24  dcmpi.o(x$fpl$dcmpinf)
    __aeabi_i2d                              0x0800c135   Thumb Code     0  dflt_clz.o(x$fpl$dflt)
    _dflt                                    0x0800c135   Thumb Code    46  dflt_clz.o(x$fpl$dflt)
    __dflt_normalise                         0x0800c163   Thumb Code    26  dflt_clz.o(x$fpl$dfltn)
    __aeabi_cdcmple                          0x0800c17d   Thumb Code     0  dleqf.o(x$fpl$dleqf)
    _dcmple                                  0x0800c17d   Thumb Code   120  dleqf.o(x$fpl$dleqf)
    __fpl_dcmple_InfNaN                      0x0800c1d5   Thumb Code     0  dleqf.o(x$fpl$dleqf)
    __aeabi_dmul                             0x0800c1f5   Thumb Code     0  dmul_clz.o(x$fpl$dmul)
    _dmul                                    0x0800c1f5   Thumb Code   440  dmul_clz.o(x$fpl$dmul)
    __fpl_dnaninf                            0x0800c3b5   Thumb Code   258  dnaninf.o(x$fpl$dnaninf)
    __fpl_drenorm2                           0x0800c4b7   Thumb Code   106  drenorm_clz.o(x$fpl$drenorm)
    __fpl_drenorm1                           0x0800c521   Thumb Code     6  drenorm_clz.o(x$fpl$drenorm)
    __fpl_dretinf                            0x0800c527   Thumb Code    12  dretinf.o(x$fpl$dretinf)
    __aeabi_cdrcmple                         0x0800c533   Thumb Code     0  drleqf.o(x$fpl$drleqf)
    _drcmple                                 0x0800c533   Thumb Code    98  drleqf.o(x$fpl$drleqf)
    __aeabi_dsub                             0x0800c595   Thumb Code     0  daddsub_clz.o(x$fpl$dsub)
    _dsub                                    0x0800c595   Thumb Code   664  daddsub_clz.o(x$fpl$dsub)
    __dunder                                 0x0800c831   Thumb Code   314  dunder_clz.o(x$fpl$dunder)
    __dunder_d                               0x0800c96b   Thumb Code    64  dunder_clz.o(x$fpl$dunder)
    __fpl_exception                          0x0800c9ad   Thumb Code   454  except.o(x$fpl$exception)
    __aeabi_f2d                              0x0800cb99   Thumb Code     0  f2d.o(x$fpl$f2d)
    _f2d                                     0x0800cb99   Thumb Code   122  f2d.o(x$fpl$f2d)
    __fpl_fnaninf                            0x0800cc13   Thumb Code   242  fnaninf.o(x$fpl$fnaninf)
    _fp_init                                 0x0800cd05   Thumb Code    10  fpinit.o(x$fpl$fpinit)
    __fplib_config_fpu_vfp                   0x0800cd0d   Thumb Code     0  fpinit.o(x$fpl$fpinit)
    __fplib_config_pureend_doubles           0x0800cd0d   Thumb Code     0  fpinit.o(x$fpl$fpinit)
    __fpl_fretinf                            0x0800cd0f   Thumb Code    10  fretinf.o(x$fpl$fretinf)
    __funder                                 0x0800cd19   Thumb Code   254  funder_clz.o(x$fpl$funder)
    __funder_d                               0x0800ce17   Thumb Code    62  funder_clz.o(x$fpl$funder)
    __fpl_return_NaN                         0x0800ce55   Thumb Code   178  retnan.o(x$fpl$retnan)
    _fp_trapveneer                           0x0800cf07   Thumb Code    36  trapv.o(x$fpl$trapveneer)
    __fpl_cmpreturn                          0x0800cf2b   Thumb Code    90  trapv.o(x$fpl$trapveneer)
    __I$use$fp                               0x0800cf84   Number         0  usenofp.o(x$fpl$usenofp)
    AHBPrescTable                            0x0800cfe0   Data          16  system_stm32f4xx.o(.constdata)
    APBPrescTable                            0x0800cff0   Data           8  system_stm32f4xx.o(.constdata)
    TimingTime                               0x0800cff8   Data           4  ins_task.o(.constdata)
    wCRC_Table                               0x0800d008   Data         512  crc.o(.constdata)
    sinTable_f32                             0x0800d214   Data        2052  arm_common_tables.o(.constdata)
    Region$$Table$$Base                      0x0800da3c   Number         0  anon$$obj.o(Region$$Table)
    Region$$Table$$Limit                     0x0800da5c   Number         0  anon$$obj.o(Region$$Table)
    Man                                      0x20000000   Data           2  bsp_flash.o(.data)
    WCIS                                     0x20000002   Data           2  bsp_flash.o(.data)
    a                                        0x20000004   Data           4  bsp_flash.o(.data)
    b                                        0x20000008   Data           4  bsp_flash.o(.data)
    c                                        0x2000000c   Data           4  bsp_flash.o(.data)
    d                                        0x20000010   Data           4  bsp_flash.o(.data)
    e                                        0x20000014   Data           4  bsp_flash.o(.data)
    f                                        0x20000018   Data           4  bsp_flash.o(.data)
    rx_index                                 0x2000002c   Data           1  main.o(.data)
    left_motor_rpm                           0x2000002e   Data           2  main.o(.data)
    right_motor_rpm                          0x20000030   Data           2  main.o(.data)
    YiNianTongTian                           0x20000032   Data           1  main.o(.data)
    INS_taskHandle                           0x20000034   Data           4  freertos.o(.data)
    Gimbal_TaskHandle                        0x20000038   Data           4  freertos.o(.data)
    Shoot_TaskHandle                         0x2000003c   Data           4  freertos.o(.data)
    uwTick                                   0x20000044   Data           4  stm32f4xx_hal.o(.data)
    uwTickPrio                               0x20000048   Data           4  stm32f4xx_hal.o(.data)
    uwTickFreq                               0x2000004c   Data           1  stm32f4xx_hal.o(.data)
    SystemCoreClock                          0x20000050   Data           4  system_stm32f4xx.o(.data)
    BMI088_ACCEL_SEN                         0x20000054   Data           4  bmi088driver.o(.data)
    BMI088_GYRO_SEN                          0x20000058   Data           4  bmi088driver.o(.data)
    offset_OK_flag                           0x20000080   Data           1  ins_task.o(.data)
    Gyro_Scale_Factor                        0x20000084   Data          36  ins_task.o(.data)
    Accel_Scale_Factor                       0x200000a8   Data          36  ins_task.o(.data)
    count_time                               0x200000cc   Data           2  ins_task.o(.data)
    ins_set_counts                           0x200000ce   Data           2  ins_task.o(.data)
    pxCurrentTCB                             0x200000d4   Data           4  tasks.o(.data)
    L_setST                                  0x2000013c   Data           4  shoot_task.o(.data)
    R_setST                                  0x20000140   Data           4  shoot_task.o(.data)
    Feed_set                                 0x20000144   Data           4  shoot_task.o(.data)
    Feed_ji                                  0x20000148   Data           4  shoot_task.o(.data)
    shoot                                    0x2000014c   Data           2  shoot_task.o(.data)
    x                                        0x2000014e   Data           2  shoot_task.o(.data)
    y                                        0x20000150   Data           4  shoot_task.o(.data)
    right_motor                              0x20000154   Data           4  shoot_task.o(.data)
    left_motor                               0x20000158   Data           4  shoot_task.o(.data)
    usedata                                  0x2000015c   Data           8  motor.o(.data)
    M1                                       0x20000164   Data           4  motor.o(.data)
    M2                                       0x20000168   Data           4  motor.o(.data)
    M3                                       0x2000016c   Data           4  motor.o(.data)
    sendchassic                              0x20000170   Data           5  rc.o(.data)
    rrr                                      0x20000176   Data           2  rc.o(.data)
    keyboard_jump_flag_shift                 0x20000178   Data           4  rc.o(.data)
    keyboard_jump_flag_e                     0x2000017c   Data           4  rc.o(.data)
    key_shift_last                           0x20000180   Data           4  rc.o(.data)
    key_e_last                               0x20000184   Data           4  rc.o(.data)
    AccStep                                  0x20000188   Data        2000  rc.o(.data)
    deal_W                                   0x20000958   Data           4  rc.o(.data)
    deal_A                                   0x2000095c   Data           4  rc.o(.data)
    deal_S                                   0x20000960   Data           4  rc.o(.data)
    deal_D                                   0x20000964   Data           4  rc.o(.data)
    t_W                                      0x20000968   Data           4  rc.o(.data)
    t_A                                      0x2000096c   Data           4  rc.o(.data)
    t_S                                      0x20000970   Data           4  rc.o(.data)
    t_D                                      0x20000974   Data           4  rc.o(.data)
    rc_X                                     0x20000978   Data           4  rc.o(.data)
    rc_Y                                     0x2000097c   Data           4  rc.o(.data)
    spin                                     0x20000980   Data           1  rc.o(.data)
    stop                                     0x20000981   Data           1  rc.o(.data)
    Shift                                    0x20000982   Data           1  rc.o(.data)
    other                                    0x20000983   Data           1  rc.o(.data)
    FS_Desc                                  0x20000988   Data          28  usbd_desc.o(.data)
    USBD_FS_DeviceDesc                       0x200009a4   Data          18  usbd_desc.o(.data)
    USBD_LangIDDesc                          0x200009b8   Data           4  usbd_desc.o(.data)
    USBD_StringSerial                        0x200009bc   Data          26  usbd_desc.o(.data)
    USBD_Interface_fops_FS                   0x200009d8   Data          20  usbd_cdc_if.o(.data)
    USBD_CDC                                 0x200009fc   Data          56  usbd_cdc.o(.data)
    dbus_recieve_1                           0x20000a8c   Data          36  main.o(.bss)
    dbus_recieve_2                           0x20000ab0   Data          36  main.o(.bss)
    uart_rx_buffer                           0x20000ad4   Data          27  main.o(.bss)
    hcan1                                    0x20000f44   Data          40  can.o(.bss)
    hcan2                                    0x20000f6c   Data          40  can.o(.bss)
    hspi1                                    0x20000fac   Data          88  spi.o(.bss)
    hdma_spi1_rx                             0x20001004   Data          96  spi.o(.bss)
    hdma_spi1_tx                             0x20001064   Data          96  spi.o(.bss)
    htim6                                    0x200010c4   Data          72  tim.o(.bss)
    huart1                                   0x2000110c   Data          72  usart.o(.bss)
    huart3                                   0x20001154   Data          72  usart.o(.bss)
    hdma_usart3_rx                           0x2000119c   Data          96  usart.o(.bss)
    pFlash                                   0x200011fc   Data          32  stm32f4xx_hal_flash.o(.bss)
    OFFSET_Buffer                            0x2000121c   Data          24  ins_task.o(.bss)
    bmi088_real_data                         0x20001234   Data          36  ins_task.o(.bss)
    imu_angle                                0x20001258   Data          40  ins_task.o(.bss)
    gyro_cali_offset                         0x20001280   Data          12  ins_task.o(.bss)
    Gyro_Offset                              0x2000128c   Data          12  ins_task.o(.bss)
    Accel_Offset                             0x20001298   Data          12  ins_task.o(.bss)
    INS_quat                                 0x200012a4   Data          16  ins_task.o(.bss)
    INS_gyro                                 0x200012b4   Data          12  ins_task.o(.bss)
    INS_accel                                0x200012c0   Data          12  ins_task.o(.bss)
    INS_mag                                  0x200012cc   Data          12  ins_task.o(.bss)
    INS_Angle                                0x200012d8   Data          12  ins_task.o(.bss)
    Pitch                                    0x20004ff8   Data          88  motor.o(.bss)
    Yaw                                      0x20005050   Data          88  motor.o(.bss)
    FEED                                     0x200050a8   Data          88  motor.o(.bss)
    SHOOT_L                                  0x20005100   Data          88  motor.o(.bss)
    SHOOT_R                                  0x20005158   Data          88  motor.o(.bss)
    GMPitchPid_Ang                           0x200051b0   Data          96  motor.o(.bss)
    GMPitchPid_Spe                           0x20005210   Data          96  motor.o(.bss)
    GMYawPid_Ang                             0x20005270   Data          96  motor.o(.bss)
    GMYawPid_Spe                             0x200052d0   Data          96  motor.o(.bss)
    GMPitchPid_Ang_ZM                        0x20005330   Data          96  motor.o(.bss)
    GMPitchPid_Spe_ZM                        0x20005390   Data          96  motor.o(.bss)
    GMYawPid_Ang_ZM                          0x200053f0   Data          96  motor.o(.bss)
    GMYawPid_Spe_ZM                          0x20005450   Data          96  motor.o(.bss)
    STLpid_Spe                               0x200054b0   Data          96  motor.o(.bss)
    STRpid_Spe                               0x20005510   Data          96  motor.o(.bss)
    Feedpid_Spe                              0x20005570   Data          96  motor.o(.bss)
    RXBuff                                   0x200055d0   Data          18  rc.o(.bss)
    rc                                       0x200055e8   Data          64  rc.o(.bss)
    hUsbDeviceFS                             0x20005628   Data         732  usb_device.o(.bss)
    USBD_StrDesc                             0x20005904   Data         512  usbd_desc.o(.bss)
    UserRxBufferFS                           0x20005b04   Data        2048  usbd_cdc_if.o(.bss)
    UserTxBufferFS                           0x20006304   Data        2048  usbd_cdc_if.o(.bss)
    hpcd_USB_OTG_FS                          0x20006b04   Data        1252  usbd_conf.o(.bss)
    __libspace_start                         0x20007208   Data          96  libspace.o(.bss)
    __temporary_stack_top$libspace           0x20007268   Data           0  libspace.o(.bss)



==============================================================================

Memory Map of the image

  Image Entry point : 0x08000189

  Load Region LR_IROM1 (Base: 0x08000000, Size: 0x0000e4e8, Max: 0x00100000, ABSOLUTE, COMPRESSED[0x0000dd80])

    Execution Region ER_IROM1 (Exec base: 0x08000000, Load base: 0x08000000, Size: 0x0000da5c, Max: 0x00100000, ABSOLUTE)

    Exec Addr    Load Addr    Size         Type   Attr      Idx    E Section Name        Object

    0x08000000   0x08000000   0x00000188   Data   RO            3    RESET               startup_stm32f407xx.o
    0x08000188   0x08000188   0x00000008   Code   RO         8172  * !!!main             c_w.l(__main.o)
    0x08000190   0x08000190   0x00000034   Code   RO         8500    !!!scatter          c_w.l(__scatter.o)
    0x080001c4   0x080001c4   0x0000005a   Code   RO         8498    !!dczerorl2         c_w.l(__dczerorl2.o)
    0x0800021e   0x0800021e   0x00000002   PAD
    0x08000220   0x08000220   0x0000001c   Code   RO         8502    !!handler_zi        c_w.l(__scatter_zi.o)
    0x0800023c   0x0800023c   0x00000002   Code   RO         8373    .ARM.Collect$$libinit$$00000000  c_w.l(libinit.o)
    0x0800023e   0x0800023e   0x00000004   Code   RO         8382    .ARM.Collect$$libinit$$00000001  c_w.l(libinit2.o)
    0x08000242   0x08000242   0x00000000   Code   RO         8385    .ARM.Collect$$libinit$$00000004  c_w.l(libinit2.o)
    0x08000242   0x08000242   0x00000000   Code   RO         8388    .ARM.Collect$$libinit$$0000000A  c_w.l(libinit2.o)
    0x08000242   0x08000242   0x00000000   Code   RO         8390    .ARM.Collect$$libinit$$0000000C  c_w.l(libinit2.o)
    0x08000242   0x08000242   0x00000000   Code   RO         8392    .ARM.Collect$$libinit$$0000000E  c_w.l(libinit2.o)
    0x08000242   0x08000242   0x00000000   Code   RO         8395    .ARM.Collect$$libinit$$00000011  c_w.l(libinit2.o)
    0x08000242   0x08000242   0x00000000   Code   RO         8397    .ARM.Collect$$libinit$$00000013  c_w.l(libinit2.o)
    0x08000242   0x08000242   0x00000000   Code   RO         8399    .ARM.Collect$$libinit$$00000015  c_w.l(libinit2.o)
    0x08000242   0x08000242   0x00000000   Code   RO         8401    .ARM.Collect$$libinit$$00000017  c_w.l(libinit2.o)
    0x08000242   0x08000242   0x00000000   Code   RO         8403    .ARM.Collect$$libinit$$00000019  c_w.l(libinit2.o)
    0x08000242   0x08000242   0x00000000   Code   RO         8405    .ARM.Collect$$libinit$$0000001B  c_w.l(libinit2.o)
    0x08000242   0x08000242   0x00000000   Code   RO         8407    .ARM.Collect$$libinit$$0000001D  c_w.l(libinit2.o)
    0x08000242   0x08000242   0x00000000   Code   RO         8409    .ARM.Collect$$libinit$$0000001F  c_w.l(libinit2.o)
    0x08000242   0x08000242   0x00000000   Code   RO         8411    .ARM.Collect$$libinit$$00000021  c_w.l(libinit2.o)
    0x08000242   0x08000242   0x00000000   Code   RO         8413    .ARM.Collect$$libinit$$00000023  c_w.l(libinit2.o)
    0x08000242   0x08000242   0x00000000   Code   RO         8415    .ARM.Collect$$libinit$$00000025  c_w.l(libinit2.o)
    0x08000242   0x08000242   0x00000000   Code   RO         8419    .ARM.Collect$$libinit$$0000002C  c_w.l(libinit2.o)
    0x08000242   0x08000242   0x00000000   Code   RO         8421    .ARM.Collect$$libinit$$0000002E  c_w.l(libinit2.o)
    0x08000242   0x08000242   0x00000000   Code   RO         8423    .ARM.Collect$$libinit$$00000030  c_w.l(libinit2.o)
    0x08000242   0x08000242   0x00000000   Code   RO         8425    .ARM.Collect$$libinit$$00000032  c_w.l(libinit2.o)
    0x08000242   0x08000242   0x00000002   Code   RO         8426    .ARM.Collect$$libinit$$00000033  c_w.l(libinit2.o)
    0x08000244   0x08000244   0x00000002   Code   RO         8455    .ARM.Collect$$libshutdown$$00000000  c_w.l(libshutdown.o)
    0x08000246   0x08000246   0x00000000   Code   RO         8481    .ARM.Collect$$libshutdown$$00000002  c_w.l(libshutdown2.o)
    0x08000246   0x08000246   0x00000000   Code   RO         8483    .ARM.Collect$$libshutdown$$00000004  c_w.l(libshutdown2.o)
    0x08000246   0x08000246   0x00000000   Code   RO         8486    .ARM.Collect$$libshutdown$$00000007  c_w.l(libshutdown2.o)
    0x08000246   0x08000246   0x00000000   Code   RO         8489    .ARM.Collect$$libshutdown$$0000000A  c_w.l(libshutdown2.o)
    0x08000246   0x08000246   0x00000000   Code   RO         8491    .ARM.Collect$$libshutdown$$0000000C  c_w.l(libshutdown2.o)
    0x08000246   0x08000246   0x00000000   Code   RO         8494    .ARM.Collect$$libshutdown$$0000000F  c_w.l(libshutdown2.o)
    0x08000246   0x08000246   0x00000002   Code   RO         8495    .ARM.Collect$$libshutdown$$00000010  c_w.l(libshutdown2.o)
    0x08000248   0x08000248   0x00000000   Code   RO         8268    .ARM.Collect$$rtentry$$00000000  c_w.l(__rtentry.o)
    0x08000248   0x08000248   0x00000000   Code   RO         8332    .ARM.Collect$$rtentry$$00000002  c_w.l(__rtentry2.o)
    0x08000248   0x08000248   0x00000006   Code   RO         8344    .ARM.Collect$$rtentry$$00000004  c_w.l(__rtentry4.o)
    0x0800024e   0x0800024e   0x00000000   Code   RO         8334    .ARM.Collect$$rtentry$$00000009  c_w.l(__rtentry2.o)
    0x0800024e   0x0800024e   0x00000004   Code   RO         8335    .ARM.Collect$$rtentry$$0000000A  c_w.l(__rtentry2.o)
    0x08000252   0x08000252   0x00000000   Code   RO         8337    .ARM.Collect$$rtentry$$0000000C  c_w.l(__rtentry2.o)
    0x08000252   0x08000252   0x00000008   Code   RO         8338    .ARM.Collect$$rtentry$$0000000D  c_w.l(__rtentry2.o)
    0x0800025a   0x0800025a   0x00000002   Code   RO         8374    .ARM.Collect$$rtexit$$00000000  c_w.l(rtexit.o)
    0x0800025c   0x0800025c   0x00000000   Code   RO         8430    .ARM.Collect$$rtexit$$00000002  c_w.l(rtexit2.o)
    0x0800025c   0x0800025c   0x00000004   Code   RO         8431    .ARM.Collect$$rtexit$$00000003  c_w.l(rtexit2.o)
    0x08000260   0x08000260   0x00000006   Code   RO         8432    .ARM.Collect$$rtexit$$00000004  c_w.l(rtexit2.o)
    0x08000266   0x08000266   0x00000002   PAD
    0x08000268   0x08000268   0x000000be   Code   RO         6555    .emb_text           port.o
    0x08000326   0x08000326   0x00000002   PAD
    0x08000328   0x08000328   0x00000040   Code   RO            4    .text               startup_stm32f407xx.o
    0x08000368   0x08000368   0x00000078   Code   RO         7858    .text               arm_cortexM4lf_math.lib(arm_cos_f32.o)
    0x080003e0   0x080003e0   0x00000074   Code   RO         7911    .text               arm_cortexM4lf_math.lib(arm_sin_f32.o)
    0x08000454   0x08000454   0x000000ee   Code   RO         8160    .text               c_w.l(lludivv7m.o)
    0x08000542   0x08000542   0x00000064   Code   RO         8164    .text               c_w.l(rt_memcpy_w.o)
    0x080005a6   0x080005a6   0x0000004e   Code   RO         8168    .text               c_w.l(rt_memclr_w.o)
    0x080005f4   0x080005f4   0x00000006   Code   RO         8170    .text               c_w.l(heapauxi.o)
    0x080005fa   0x080005fa   0x00000016   Code   RO         8273    .text               c_w.l(_rserrno.o)
    0x08000610   0x08000610   0x00000008   Code   RO         8351    .text               c_w.l(rt_errno_addr_intlibspace.o)
    0x08000618   0x08000618   0x00000030   Code   RO         8353    .text               c_w.l(_fptrap.o)
    0x08000648   0x08000648   0x00000008   Code   RO         8357    .text               c_w.l(libspace.o)
    0x08000650   0x08000650   0x0000004a   Code   RO         8360    .text               c_w.l(sys_stackheap_outer.o)
    0x0800069a   0x0800069a   0x00000012   Code   RO         8362    .text               c_w.l(exit.o)
    0x080006ac   0x080006ac   0x0000000e   Code   RO         8364    .text               c_w.l(defsig_fpe_outer.o)
    0x080006ba   0x080006ba   0x0000000a   Code   RO         8378    .text               c_w.l(defsig_exit.o)
    0x080006c4   0x080006c4   0x000000ac   Code   RO         8380    .text               c_w.l(defsig_fpe_inner.o)
    0x08000770   0x08000770   0x0000000c   Code   RO         8427    .text               c_w.l(sys_exit.o)
    0x0800077c   0x0800077c   0x00000032   Code   RO         8438    .text               c_w.l(defsig_general.o)
    0x080007ae   0x080007ae   0x00000002   Code   RO         8444    .text               c_w.l(use_no_semi.o)
    0x080007b0   0x080007b0   0x00000000   Code   RO         8446    .text               c_w.l(indicate_semi.o)
    0x080007b0   0x080007b0   0x00000018   Code   RO         4767    i.AHRS_asinf        ahrs_middleware.o
    0x080007c8   0x080007c8   0x00000020   Code   RO         4768    i.AHRS_atan2f       ahrs_middleware.o
    0x080007e8   0x080007e8   0x00000018   Code   RO         4769    i.AHRS_cosf         ahrs_middleware.o
    0x08000800   0x08000800   0x0000001a   Code   RO         7768    i.AHRS_fabs         AHRS.lib(ahrs.o)
    0x0800081a   0x0800081a   0x00000002   PAD
    0x0800081c   0x0800081c   0x00000010   Code   RO         4770    i.AHRS_get_height   ahrs_middleware.o
    0x0800082c   0x0800082c   0x00000002   Code   RO         4771    i.AHRS_get_latitude  ahrs_middleware.o
    0x0800082e   0x0800082e   0x00000002   PAD
    0x08000830   0x08000830   0x0000029c   Code   RO         7769    i.AHRS_init         AHRS.lib(ahrs.o)
    0x08000acc   0x08000acc   0x0000003c   Code   RO         4772    i.AHRS_invSqrt      ahrs_middleware.o
    0x08000b08   0x08000b08   0x00000018   Code   RO         4773    i.AHRS_sinf         ahrs_middleware.o
    0x08000b20   0x08000b20   0x0000013a   Code   RO         7770    i.AHRS_update       AHRS.lib(ahrs.o)
    0x08000c5a   0x08000c5a   0x00000002   PAD
    0x08000c5c   0x08000c5c   0x00000014   Code   RO         5049    i.BMI088_ACCEL_NS_H  bmi088middleware.o
    0x08000c70   0x08000c70   0x00000014   Code   RO         5050    i.BMI088_ACCEL_NS_L  bmi088middleware.o
    0x08000c84   0x08000c84   0x00000002   Code   RO         5051    i.BMI088_GPIO_init  bmi088middleware.o
    0x08000c86   0x08000c86   0x00000002   PAD
    0x08000c88   0x08000c88   0x00000014   Code   RO         5052    i.BMI088_GYRO_NS_H  bmi088middleware.o
    0x08000c9c   0x08000c9c   0x00000014   Code   RO         5053    i.BMI088_GYRO_NS_L  bmi088middleware.o
    0x08000cb0   0x08000cb0   0x00000002   Code   RO         5054    i.BMI088_com_init   bmi088middleware.o
    0x08000cb2   0x08000cb2   0x0000001a   Code   RO         5055    i.BMI088_delay_ms   bmi088middleware.o
    0x08000ccc   0x08000ccc   0x0000004a   Code   RO         5056    i.BMI088_delay_us   bmi088middleware.o
    0x08000d16   0x08000d16   0x0000001c   Code   RO         4980    i.BMI088_init       bmi088driver.o
    0x08000d32   0x08000d32   0x00000002   PAD
    0x08000d34   0x08000d34   0x00000174   Code   RO         4982    i.BMI088_read_      bmi088driver.o
    0x08000ea8   0x08000ea8   0x00000026   Code   RO         4983    i.BMI088_read_muli_reg  bmi088driver.o
    0x08000ece   0x08000ece   0x00000018   Code   RO         4984    i.BMI088_read_single_reg  bmi088driver.o
    0x08000ee6   0x08000ee6   0x00000002   PAD
    0x08000ee8   0x08000ee8   0x00000020   Code   RO         5057    i.BMI088_read_write_byte  bmi088middleware.o
    0x08000f08   0x08000f08   0x00000014   Code   RO         4985    i.BMI088_write_single_reg  bmi088driver.o
    0x08000f1c   0x08000f1c   0x00000004   Code   RO          860    i.BusFault_Handler  stm32f4xx_it.o
    0x08000f20   0x08000f20   0x00000010   Code   RO          861    i.CAN1_RX0_IRQHandler  stm32f4xx_it.o
    0x08000f30   0x08000f30   0x00000010   Code   RO          862    i.CAN1_TX_IRQHandler  stm32f4xx_it.o
    0x08000f40   0x08000f40   0x00000010   Code   RO          863    i.CAN2_RX0_IRQHandler  stm32f4xx_it.o
    0x08000f50   0x08000f50   0x00000010   Code   RO          864    i.CAN2_TX_IRQHandler  stm32f4xx_it.o
    0x08000f60   0x08000f60   0x00000050   Code   RO          637    i.CANx_SendStdData  can.o
    0x08000fb0   0x08000fb0   0x00000044   Code   RO         7065    i.CDC_Control_FS    usbd_cdc_if.o
    0x08000ff4   0x08000ff4   0x00000004   Code   RO         7066    i.CDC_DeInit_FS     usbd_cdc_if.o
    0x08000ff8   0x08000ff8   0x00000024   Code   RO         7067    i.CDC_Init_FS       usbd_cdc_if.o
    0x0800101c   0x0800101c   0x0000001c   Code   RO         7068    i.CDC_Receive_FS    usbd_cdc_if.o
    0x08001038   0x08001038   0x0000000c   Code   RO         7069    i.CDC_TransmitCplt_FS  usbd_cdc_if.o
    0x08001044   0x08001044   0x00000010   Code   RO          865    i.DMA1_Stream1_IRQHandler  stm32f4xx_it.o
    0x08001054   0x08001054   0x00000010   Code   RO          866    i.DMA2_Stream2_IRQHandler  stm32f4xx_it.o
    0x08001064   0x08001064   0x00000010   Code   RO          867    i.DMA2_Stream3_IRQHandler  stm32f4xx_it.o
    0x08001074   0x08001074   0x00000034   Code   RO         2120    i.DMA_CalcBaseAndBitshift  stm32f4xx_hal_dma.o
    0x080010a8   0x080010a8   0x000000aa   Code   RO         2121    i.DMA_CheckFifoParam  stm32f4xx_hal_dma.o
    0x08001152   0x08001152   0x0000002c   Code   RO         2122    i.DMA_SetConfig     stm32f4xx_hal_dma.o
    0x0800117e   0x0800117e   0x00000002   Code   RO          868    i.DebugMon_Handler  stm32f4xx_it.o
    0x08001180   0x08001180   0x0000000a   Code   RO          869    i.EXTI4_IRQHandler  stm32f4xx_it.o
    0x0800118a   0x0800118a   0x0000000a   Code   RO          870    i.EXTI9_5_IRQHandler  stm32f4xx_it.o
    0x08001194   0x08001194   0x00000006   Code   RO          325    i.Error_Handler     main.o
    0x0800119a   0x0800119a   0x00000002   PAD
    0x0800119c   0x0800119c   0x0000005c   Code   RO         1890    i.FLASH_Erase_Sector  stm32f4xx_hal_flash_ex.o
    0x080011f8   0x080011f8   0x00000078   Code   RO         1891    i.FLASH_FlushCaches  stm32f4xx_hal_flash_ex.o
    0x08001270   0x08001270   0x00000030   Code   RO         1892    i.FLASH_MassErase   stm32f4xx_hal_flash_ex.o
    0x080012a0   0x080012a0   0x00000024   Code   RO         1772    i.FLASH_Program_Byte  stm32f4xx_hal_flash.o
    0x080012c4   0x080012c4   0x00000030   Code   RO         1773    i.FLASH_Program_DoubleWord  stm32f4xx_hal_flash.o
    0x080012f4   0x080012f4   0x00000028   Code   RO         1774    i.FLASH_Program_HalfWord  stm32f4xx_hal_flash.o
    0x0800131c   0x0800131c   0x00000028   Code   RO         1775    i.FLASH_Program_Word  stm32f4xx_hal_flash.o
    0x08001344   0x08001344   0x00000098   Code   RO         1776    i.FLASH_SetErrorCode  stm32f4xx_hal_flash.o
    0x080013dc   0x080013dc   0x00000064   Code   RO         1777    i.FLASH_WaitForLastOperation  stm32f4xx_hal_flash.o
    0x08001440   0x08001440   0x0000009c   Code   RO         6750    i.FirePID_Init      motor.o
    0x080014dc   0x080014dc   0x000000dc   Code   RO         6751    i.Firemotor_run     motor.o
    0x080015b8   0x080015b8   0x00000034   Code   RO         6885    i.Get_CRC16_Check_Sum  crc.o
    0x080015ec   0x080015ec   0x00000034   Code   RO         6966    i.Get_SerialNum     usbd_desc.o
    0x08001620   0x08001620   0x0000000a   Code   RO          575    i.Gimbal_Control    freertos.o
    0x0800162a   0x0800162a   0x0000002a   Code   RO         2817    i.HAL_CAN_ActivateNotification  stm32f4xx_hal_can.o
    0x08001654   0x08001654   0x0000014a   Code   RO         2818    i.HAL_CAN_AddTxMessage  stm32f4xx_hal_can.o
    0x0800179e   0x0800179e   0x00000002   PAD
    0x080017a0   0x080017a0   0x00000120   Code   RO         2819    i.HAL_CAN_ConfigFilter  stm32f4xx_hal_can.o
    0x080018c0   0x080018c0   0x00000002   Code   RO         2822    i.HAL_CAN_ErrorCallback  stm32f4xx_hal_can.o
    0x080018c2   0x080018c2   0x00000194   Code   RO         2825    i.HAL_CAN_GetRxMessage  stm32f4xx_hal_can.o
    0x08001a56   0x08001a56   0x0000024e   Code   RO         2829    i.HAL_CAN_IRQHandler  stm32f4xx_hal_can.o
    0x08001ca4   0x08001ca4   0x00000174   Code   RO         2830    i.HAL_CAN_Init      stm32f4xx_hal_can.o
    0x08001e18   0x08001e18   0x00000180   Code   RO          639    i.HAL_CAN_MspInit   can.o
    0x08001f98   0x08001f98   0x00000002   Code   RO         2837    i.HAL_CAN_RxFifo0FullCallback  stm32f4xx_hal_can.o
    0x08001f9a   0x08001f9a   0x00000002   PAD
    0x08001f9c   0x08001f9c   0x0000007c   Code   RO         6754    i.HAL_CAN_RxFifo0MsgPendingCallback  motor.o
    0x08002018   0x08002018   0x00000002   Code   RO         2839    i.HAL_CAN_RxFifo1FullCallback  stm32f4xx_hal_can.o
    0x0800201a   0x0800201a   0x00000002   Code   RO         2840    i.HAL_CAN_RxFifo1MsgPendingCallback  stm32f4xx_hal_can.o
    0x0800201c   0x0800201c   0x00000002   Code   RO         2841    i.HAL_CAN_SleepCallback  stm32f4xx_hal_can.o
    0x0800201e   0x0800201e   0x0000005e   Code   RO         2842    i.HAL_CAN_Start     stm32f4xx_hal_can.o
    0x0800207c   0x0800207c   0x00000002   Code   RO         2844    i.HAL_CAN_TxMailbox0AbortCallback  stm32f4xx_hal_can.o
    0x0800207e   0x0800207e   0x00000002   Code   RO         2845    i.HAL_CAN_TxMailbox0CompleteCallback  stm32f4xx_hal_can.o
    0x08002080   0x08002080   0x00000002   Code   RO         2846    i.HAL_CAN_TxMailbox1AbortCallback  stm32f4xx_hal_can.o
    0x08002082   0x08002082   0x00000002   Code   RO         2847    i.HAL_CAN_TxMailbox1CompleteCallback  stm32f4xx_hal_can.o
    0x08002084   0x08002084   0x00000002   Code   RO         2848    i.HAL_CAN_TxMailbox2AbortCallback  stm32f4xx_hal_can.o
    0x08002086   0x08002086   0x00000002   Code   RO         2849    i.HAL_CAN_TxMailbox2CompleteCallback  stm32f4xx_hal_can.o
    0x08002088   0x08002088   0x00000002   Code   RO         2851    i.HAL_CAN_WakeUpFromRxMsgCallback  stm32f4xx_hal_can.o
    0x0800208a   0x0800208a   0x000000ac   Code   RO         2123    i.HAL_DMA_Abort     stm32f4xx_hal_dma.o
    0x08002136   0x08002136   0x00000028   Code   RO         2124    i.HAL_DMA_Abort_IT  stm32f4xx_hal_dma.o
    0x0800215e   0x0800215e   0x00000002   PAD
    0x08002160   0x08002160   0x00000240   Code   RO         2128    i.HAL_DMA_IRQHandler  stm32f4xx_hal_dma.o
    0x080023a0   0x080023a0   0x000000ec   Code   RO         2129    i.HAL_DMA_Init      stm32f4xx_hal_dma.o
    0x0800248c   0x0800248c   0x00000092   Code   RO         2133    i.HAL_DMA_Start_IT  stm32f4xx_hal_dma.o
    0x0800251e   0x0800251e   0x00000002   PAD
    0x08002520   0x08002520   0x00000028   Code   RO         2565    i.HAL_Delay         stm32f4xx_hal.o
    0x08002548   0x08002548   0x000000ac   Code   RO         1902    i.HAL_FLASHEx_Erase  stm32f4xx_hal_flash_ex.o
    0x080025f4   0x080025f4   0x00000014   Code   RO         1781    i.HAL_FLASH_Lock    stm32f4xx_hal_flash.o
    0x08002608   0x08002608   0x00000090   Code   RO         1786    i.HAL_FLASH_Program  stm32f4xx_hal_flash.o
    0x08002698   0x08002698   0x00000034   Code   RO         1788    i.HAL_FLASH_Unlock  stm32f4xx_hal_flash.o
    0x080026cc   0x080026cc   0x00000002   Code   RO         2014    i.HAL_GPIO_EXTI_Callback  stm32f4xx_hal_gpio.o
    0x080026ce   0x080026ce   0x00000002   PAD
    0x080026d0   0x080026d0   0x0000001c   Code   RO         2015    i.HAL_GPIO_EXTI_IRQHandler  stm32f4xx_hal_gpio.o
    0x080026ec   0x080026ec   0x000001f4   Code   RO         2016    i.HAL_GPIO_Init     stm32f4xx_hal_gpio.o
    0x080028e0   0x080028e0   0x0000000c   Code   RO         2020    i.HAL_GPIO_WritePin  stm32f4xx_hal_gpio.o
    0x080028ec   0x080028ec   0x0000000c   Code   RO         2571    i.HAL_GetTick       stm32f4xx_hal.o
    0x080028f8   0x080028f8   0x00000018   Code   RO         2577    i.HAL_IncTick       stm32f4xx_hal.o
    0x08002910   0x08002910   0x0000003c   Code   RO         2578    i.HAL_Init          stm32f4xx_hal.o
    0x0800294c   0x0800294c   0x0000004c   Code   RO         2579    i.HAL_InitTick      stm32f4xx_hal.o
    0x08002998   0x08002998   0x00000054   Code   RO          996    i.HAL_MspInit       stm32f4xx_hal_msp.o
    0x080029ec   0x080029ec   0x00000028   Code   RO         2408    i.HAL_NVIC_EnableIRQ  stm32f4xx_hal_cortex.o
    0x08002a14   0x08002a14   0x0000007c   Code   RO         2414    i.HAL_NVIC_SetPriority  stm32f4xx_hal_cortex.o
    0x08002a90   0x08002a90   0x00000028   Code   RO         2415    i.HAL_NVIC_SetPriorityGrouping  stm32f4xx_hal_cortex.o
    0x08002ab8   0x08002ab8   0x00000002   Code   RO         1264    i.HAL_PCDEx_LPM_Callback  stm32f4xx_hal_pcd_ex.o
    0x08002aba   0x08002aba   0x0000000a   Code   RO         1265    i.HAL_PCDEx_SetRxFiFo  stm32f4xx_hal_pcd_ex.o
    0x08002ac4   0x08002ac4   0x0000004e   Code   RO         1266    i.HAL_PCDEx_SetTxFiFo  stm32f4xx_hal_pcd_ex.o
    0x08002b12   0x08002b12   0x0000000e   Code   RO         7134    i.HAL_PCD_ConnectCallback  usbd_conf.o
    0x08002b20   0x08002b20   0x00000020   Code   RO         7135    i.HAL_PCD_DataInStageCallback  usbd_conf.o
    0x08002b40   0x08002b40   0x00000020   Code   RO         7136    i.HAL_PCD_DataOutStageCallback  usbd_conf.o
    0x08002b60   0x08002b60   0x0000000e   Code   RO         7137    i.HAL_PCD_DisconnectCallback  usbd_conf.o
    0x08002b6e   0x08002b6e   0x00000042   Code   RO         1029    i.HAL_PCD_EP_Abort  stm32f4xx_hal_pcd.o
    0x08002bb0   0x08002bb0   0x0000006a   Code   RO         1030    i.HAL_PCD_EP_Close  stm32f4xx_hal_pcd.o
    0x08002c1a   0x08002c1a   0x0000007c   Code   RO         1031    i.HAL_PCD_EP_ClrStall  stm32f4xx_hal_pcd.o
    0x08002c96   0x08002c96   0x00000016   Code   RO         1033    i.HAL_PCD_EP_GetRxCount  stm32f4xx_hal_pcd.o
    0x08002cac   0x08002cac   0x0000008e   Code   RO         1034    i.HAL_PCD_EP_Open   stm32f4xx_hal_pcd.o
    0x08002d3a   0x08002d3a   0x00000046   Code   RO         1035    i.HAL_PCD_EP_Receive  stm32f4xx_hal_pcd.o
    0x08002d80   0x08002d80   0x0000008a   Code   RO         1036    i.HAL_PCD_EP_SetStall  stm32f4xx_hal_pcd.o
    0x08002e0a   0x08002e0a   0x00000048   Code   RO         1037    i.HAL_PCD_EP_Transmit  stm32f4xx_hal_pcd.o
    0x08002e52   0x08002e52   0x000006ca   Code   RO         1039    i.HAL_PCD_IRQHandler  stm32f4xx_hal_pcd.o
    0x0800351c   0x0800351c   0x00000012   Code   RO         7138    i.HAL_PCD_ISOINIncompleteCallback  usbd_conf.o
    0x0800352e   0x0800352e   0x00000012   Code   RO         7139    i.HAL_PCD_ISOOUTIncompleteCallback  usbd_conf.o
    0x08003540   0x08003540   0x0000015e   Code   RO         1042    i.HAL_PCD_Init      stm32f4xx_hal_pcd.o
    0x0800369e   0x0800369e   0x00000002   PAD
    0x080036a0   0x080036a0   0x000000a8   Code   RO         7141    i.HAL_PCD_MspInit   usbd_conf.o
    0x08003748   0x08003748   0x00000030   Code   RO         7142    i.HAL_PCD_ResetCallback  usbd_conf.o
    0x08003778   0x08003778   0x0000000e   Code   RO         7143    i.HAL_PCD_ResumeCallback  usbd_conf.o
    0x08003786   0x08003786   0x0000000e   Code   RO         7144    i.HAL_PCD_SOFCallback  usbd_conf.o
    0x08003794   0x08003794   0x00000034   Code   RO         1048    i.HAL_PCD_SetAddress  stm32f4xx_hal_pcd.o
    0x080037c8   0x080037c8   0x00000012   Code   RO         7145    i.HAL_PCD_SetupStageCallback  usbd_conf.o
    0x080037da   0x080037da   0x0000004c   Code   RO         1051    i.HAL_PCD_Start     stm32f4xx_hal_pcd.o
    0x08003826   0x08003826   0x00000002   PAD
    0x08003828   0x08003828   0x00000034   Code   RO         7146    i.HAL_PCD_SuspendCallback  usbd_conf.o
    0x0800385c   0x0800385c   0x00000184   Code   RO         1617    i.HAL_RCC_ClockConfig  stm32f4xx_hal_rcc.o
    0x080039e0   0x080039e0   0x0000000c   Code   RO         1622    i.HAL_RCC_GetHCLKFreq  stm32f4xx_hal_rcc.o
    0x080039ec   0x080039ec   0x00000020   Code   RO         1624    i.HAL_RCC_GetPCLK1Freq  stm32f4xx_hal_rcc.o
    0x08003a0c   0x08003a0c   0x00000020   Code   RO         1625    i.HAL_RCC_GetPCLK2Freq  stm32f4xx_hal_rcc.o
    0x08003a2c   0x08003a2c   0x000000b0   Code   RO         1626    i.HAL_RCC_GetSysClockFreq  stm32f4xx_hal_rcc.o
    0x08003adc   0x08003adc   0x0000049c   Code   RO         1629    i.HAL_RCC_OscConfig  stm32f4xx_hal_rcc.o
    0x08003f78   0x08003f78   0x000000c8   Code   RO         3061    i.HAL_SPI_Init      stm32f4xx_hal_spi.o
    0x08004040   0x08004040   0x00000158   Code   RO          729    i.HAL_SPI_MspInit   spi.o
    0x08004198   0x08004198   0x00000248   Code   RO         3070    i.HAL_SPI_TransmitReceive  stm32f4xx_hal_spi.o
    0x080043e0   0x080043e0   0x00000034   Code   RO         2419    i.HAL_SYSTICK_Config  stm32f4xx_hal_cortex.o
    0x08004414   0x08004414   0x00000002   Code   RO         4089    i.HAL_TIMEx_BreakCallback  stm32f4xx_hal_tim_ex.o
    0x08004416   0x08004416   0x00000002   Code   RO         4090    i.HAL_TIMEx_CommutCallback  stm32f4xx_hal_tim_ex.o
    0x08004418   0x08004418   0x000000b4   Code   RO         4108    i.HAL_TIMEx_MasterConfigSynchronization  stm32f4xx_hal_tim_ex.o
    0x080044cc   0x080044cc   0x00000066   Code   RO         3374    i.HAL_TIM_Base_Init  stm32f4xx_hal_tim.o
    0x08004532   0x08004532   0x00000002   PAD
    0x08004534   0x08004534   0x00000048   Code   RO          771    i.HAL_TIM_Base_MspInit  tim.o
    0x0800457c   0x0800457c   0x000000a8   Code   RO         3379    i.HAL_TIM_Base_Start_IT  stm32f4xx_hal_tim.o
    0x08004624   0x08004624   0x00000002   Code   RO         3408    i.HAL_TIM_IC_CaptureCallback  stm32f4xx_hal_tim.o
    0x08004626   0x08004626   0x0000016c   Code   RO         3422    i.HAL_TIM_IRQHandler  stm32f4xx_hal_tim.o
    0x08004792   0x08004792   0x00000002   Code   RO         3425    i.HAL_TIM_OC_DelayElapsedCallback  stm32f4xx_hal_tim.o
    0x08004794   0x08004794   0x00000002   Code   RO         3452    i.HAL_TIM_PWM_PulseFinishedCallback  stm32f4xx_hal_tim.o
    0x08004796   0x08004796   0x00000002   Code   RO         3460    i.HAL_TIM_PeriodElapsedCallback  stm32f4xx_hal_tim.o
    0x08004798   0x08004798   0x00000002   Code   RO         3465    i.HAL_TIM_TriggerCallback  stm32f4xx_hal_tim.o
    0x0800479a   0x0800479a   0x00000002   Code   RO         4368    i.HAL_UARTEx_RxEventCallback  stm32f4xx_hal_uart.o
    0x0800479c   0x0800479c   0x00000002   Code   RO         4382    i.HAL_UART_ErrorCallback  stm32f4xx_hal_uart.o
    0x0800479e   0x0800479e   0x00000002   PAD
    0x080047a0   0x080047a0   0x00000308   Code   RO         4385    i.HAL_UART_IRQHandler  stm32f4xx_hal_uart.o
    0x08004aa8   0x08004aa8   0x00000076   Code   RO         4386    i.HAL_UART_Init     stm32f4xx_hal_uart.o
    0x08004b1e   0x08004b1e   0x00000002   PAD
    0x08004b20   0x08004b20   0x00000190   Code   RO          813    i.HAL_UART_MspInit  usart.o
    0x08004cb0   0x08004cb0   0x0000002c   Code   RO         4390    i.HAL_UART_Receive_DMA  stm32f4xx_hal_uart.o
    0x08004cdc   0x08004cdc   0x0000002c   Code   RO         4391    i.HAL_UART_Receive_IT  stm32f4xx_hal_uart.o
    0x08004d08   0x08004d08   0x00000080   Code   RO          326    i.HAL_UART_RxCpltCallback  main.o
    0x08004d88   0x08004d88   0x00000002   Code   RO         4393    i.HAL_UART_RxHalfCpltCallback  stm32f4xx_hal_uart.o
    0x08004d8a   0x08004d8a   0x00000002   Code   RO         4397    i.HAL_UART_TxCpltCallback  stm32f4xx_hal_uart.o
    0x08004d8c   0x08004d8c   0x00000004   Code   RO          871    i.HardFault_Handler  stm32f4xx_it.o
    0x08004d90   0x08004d90   0x000000cc   Code   RO         5252    i.IMU_Cali_Slove    ins_task.o
    0x08004e5c   0x08004e5c   0x00000064   Code   RO         5253    i.INS_cali_gyro     ins_task.o
    0x08004ec0   0x08004ec0   0x000000a4   Code   RO         5254    i.INS_set_cali_gyro  ins_task.o
    0x08004f64   0x08004f64   0x00000314   Code   RO         5255    i.INS_task          ins_task.o
    0x08005278   0x08005278   0x0000003e   Code   RO         6967    i.IntToUnicode      usbd_desc.o
    0x080052b6   0x080052b6   0x00000002   PAD
    0x080052b8   0x080052b8   0x00000048   Code   RO          640    i.MX_CAN1_Init      can.o
    0x08005300   0x08005300   0x00000048   Code   RO          641    i.MX_CAN2_Init      can.o
    0x08005348   0x08005348   0x00000078   Code   RO          704    i.MX_DMA_Init       dma.o
    0x080053c0   0x080053c0   0x00000060   Code   RO          576    i.MX_FREERTOS_Init  freertos.o
    0x08005420   0x08005420   0x0000012c   Code   RO          548    i.MX_GPIO_Init      gpio.o
    0x0800554c   0x0800554c   0x00000048   Code   RO          730    i.MX_SPI1_Init      spi.o
    0x08005594   0x08005594   0x0000004c   Code   RO          772    i.MX_TIM6_Init      tim.o
    0x080055e0   0x080055e0   0x00000038   Code   RO          814    i.MX_USART1_UART_Init  usart.o
    0x08005618   0x08005618   0x00000038   Code   RO          815    i.MX_USART3_UART_Init  usart.o
    0x08005650   0x08005650   0x0000004c   Code   RO         6918    i.MX_USB_DEVICE_Init  usb_device.o
    0x0800569c   0x0800569c   0x00000004   Code   RO          872    i.MemManage_Handler  stm32f4xx_it.o
    0x080056a0   0x080056a0   0x00000004   Code   RO          873    i.NMI_Handler       stm32f4xx_it.o
    0x080056a4   0x080056a4   0x00000010   Code   RO          874    i.OTG_FS_IRQHandler  stm32f4xx_it.o
    0x080056b4   0x080056b4   0x00000064   Code   RO         1055    i.PCD_EP_OutSetupPacket_int  stm32f4xx_hal_pcd.o
    0x08005718   0x08005718   0x00000144   Code   RO         1056    i.PCD_EP_OutXfrComplete_int  stm32f4xx_hal_pcd.o
    0x0800585c   0x0800585c   0x000000b6   Code   RO         1057    i.PCD_WriteEmptyTxFifo  stm32f4xx_hal_pcd.o
    0x08005912   0x08005912   0x00000276   Code   RO         6755    i.PID_Cal           motor.o
    0x08005b88   0x08005b88   0x0000001c   Code   RO         6756    i.PID_Init_All      motor.o
    0x08005ba4   0x08005ba4   0x00000050   Code   RO           13    i.Read_Offset       bsp_flash.o
    0x08005bf4   0x08005bf4   0x00000088   Code   RO         3099    i.SPI_EndRxTxTransaction  stm32f4xx_hal_spi.o
    0x08005c7c   0x08005c7c   0x000000d8   Code   RO         3104    i.SPI_WaitFlagStateUntilTimeout  stm32f4xx_hal_spi.o
    0x08005d54   0x08005d54   0x00000068   Code   RO           14    i.STMFLASH_GetFlashSector  bsp_flash.o
    0x08005dbc   0x08005dbc   0x00000020   Code   RO           15    i.STMFLASH_Read     bsp_flash.o
    0x08005ddc   0x08005ddc   0x00000006   Code   RO           16    i.STMFLASH_ReadWord  bsp_flash.o
    0x08005de2   0x08005de2   0x00000002   PAD
    0x08005de4   0x08005de4   0x000000d8   Code   RO           17    i.STMFLASH_Write    bsp_flash.o
    0x08005ebc   0x08005ebc   0x00000012   Code   RO         7503    i.SWAPBYTE          usbd_ctlreq.o
    0x08005ece   0x08005ece   0x00000002   PAD
    0x08005ed0   0x08005ed0   0x00000034   Code   RO          642    i.Set_Shoot_Motor_Current  can.o
    0x08005f04   0x08005f04   0x0000035c   Code   RO         6659    i.Shoot_Control     shoot_task.o
    0x08006260   0x08006260   0x00000020   Code   RO         6635    i.Start_INS_Task    myins_task.o
    0x08006280   0x08006280   0x00000014   Code   RO          875    i.SysTick_Handler   stm32f4xx_it.o
    0x08006294   0x08006294   0x000000b4   Code   RO          327    i.SystemClock_Config  main.o
    0x08006348   0x08006348   0x00000014   Code   RO         4730    i.SystemInit        system_stm32f4xx.o
    0x0800635c   0x0800635c   0x00000010   Code   RO          876    i.TIM6_DAC_IRQHandler  stm32f4xx_it.o
    0x0800636c   0x0800636c   0x000000e0   Code   RO         3467    i.TIM_Base_SetConfig  stm32f4xx_hal_tim.o
    0x0800644c   0x0800644c   0x00000012   Code   RO         4399    i.UART_DMAAbortOnError  stm32f4xx_hal_uart.o
    0x0800645e   0x0800645e   0x00000050   Code   RO         4400    i.UART_DMAError     stm32f4xx_hal_uart.o
    0x080064ae   0x080064ae   0x000000b4   Code   RO         4401    i.UART_DMAReceiveCplt  stm32f4xx_hal_uart.o
    0x08006562   0x08006562   0x00000024   Code   RO         4403    i.UART_DMARxHalfCplt  stm32f4xx_hal_uart.o
    0x08006586   0x08006586   0x0000006c   Code   RO         4409    i.UART_EndRxTransfer  stm32f4xx_hal_uart.o
    0x080065f2   0x080065f2   0x00000020   Code   RO         4410    i.UART_EndTransmit_IT  stm32f4xx_hal_uart.o
    0x08006612   0x08006612   0x00000026   Code   RO         4411    i.UART_EndTxTransfer  stm32f4xx_hal_uart.o
    0x08006638   0x08006638   0x000000fc   Code   RO         4412    i.UART_Receive_IT   stm32f4xx_hal_uart.o
    0x08006734   0x08006734   0x0000022c   Code   RO         4413    i.UART_SetConfig    stm32f4xx_hal_uart.o
    0x08006960   0x08006960   0x000000d8   Code   RO         4414    i.UART_Start_Receive_DMA  stm32f4xx_hal_uart.o
    0x08006a38   0x08006a38   0x00000040   Code   RO         4415    i.UART_Start_Receive_IT  stm32f4xx_hal_uart.o
    0x08006a78   0x08006a78   0x00000060   Code   RO         4416    i.UART_Transmit_IT  stm32f4xx_hal_uart.o
    0x08006ad8   0x08006ad8   0x00000010   Code   RO          877    i.USART1_IRQHandler  stm32f4xx_it.o
    0x08006ae8   0x08006ae8   0x00000110   Code   RO         6823    i.USART3_IRQHandler  rc.o
    0x08006bf8   0x08006bf8   0x000000be   Code   RO         7666    i.USBD_CDC_DataIn   usbd_cdc.o
    0x08006cb6   0x08006cb6   0x00000048   Code   RO         7667    i.USBD_CDC_DataOut  usbd_cdc.o
    0x08006cfe   0x08006cfe   0x00000002   PAD
    0x08006d00   0x08006d00   0x000000d4   Code   RO         7668    i.USBD_CDC_DeInit   usbd_cdc.o
    0x08006dd4   0x08006dd4   0x00000050   Code   RO         7669    i.USBD_CDC_EP0_RxReady  usbd_cdc.o
    0x08006e24   0x08006e24   0x00000010   Code   RO         7670    i.USBD_CDC_GetDeviceQualifierDescriptor  usbd_cdc.o
    0x08006e34   0x08006e34   0x00000044   Code   RO         7671    i.USBD_CDC_GetFSCfgDesc  usbd_cdc.o
    0x08006e78   0x08006e78   0x00000048   Code   RO         7672    i.USBD_CDC_GetHSCfgDesc  usbd_cdc.o
    0x08006ec0   0x08006ec0   0x00000044   Code   RO         7673    i.USBD_CDC_GetOtherSpeedCfgDesc  usbd_cdc.o
    0x08006f04   0x08006f04   0x000001a0   Code   RO         7674    i.USBD_CDC_Init     usbd_cdc.o
    0x080070a4   0x080070a4   0x00000050   Code   RO         7675    i.USBD_CDC_ReceivePacket  usbd_cdc.o
    0x080070f4   0x080070f4   0x00000018   Code   RO         7676    i.USBD_CDC_RegisterInterface  usbd_cdc.o
    0x0800710c   0x0800710c   0x0000001e   Code   RO         7677    i.USBD_CDC_SetRxBuffer  usbd_cdc.o
    0x0800712a   0x0800712a   0x00000024   Code   RO         7678    i.USBD_CDC_SetTxBuffer  usbd_cdc.o
    0x0800714e   0x0800714e   0x00000140   Code   RO         7679    i.USBD_CDC_Setup    usbd_cdc.o
    0x0800728e   0x0800728e   0x0000001c   Code   RO         7341    i.USBD_ClrClassConfig  usbd_core.o
    0x080072aa   0x080072aa   0x0000003e   Code   RO         7504    i.USBD_ClrFeature   usbd_ctlreq.o
    0x080072e8   0x080072e8   0x00000006   Code   RO         7342    i.USBD_CoreFindEP   usbd_core.o
    0x080072ee   0x080072ee   0x00000006   Code   RO         7343    i.USBD_CoreFindIF   usbd_core.o
    0x080072f4   0x080072f4   0x00000018   Code   RO         7606    i.USBD_CtlContinueRx  usbd_ioreq.o
    0x0800730c   0x0800730c   0x00000018   Code   RO         7607    i.USBD_CtlContinueSendData  usbd_ioreq.o
    0x08007324   0x08007324   0x00000018   Code   RO         7505    i.USBD_CtlError     usbd_ctlreq.o
    0x0800733c   0x0800733c   0x0000002e   Code   RO         7608    i.USBD_CtlPrepareRx  usbd_ioreq.o
    0x0800736a   0x0800736a   0x0000001a   Code   RO         7609    i.USBD_CtlReceiveStatus  usbd_ioreq.o
    0x08007384   0x08007384   0x00000024   Code   RO         7610    i.USBD_CtlSendData  usbd_ioreq.o
    0x080073a8   0x080073a8   0x0000001a   Code   RO         7611    i.USBD_CtlSendStatus  usbd_ioreq.o
    0x080073c2   0x080073c2   0x00000002   PAD
    0x080073c4   0x080073c4   0x00000034   Code   RO         6968    i.USBD_FS_ConfigStrDescriptor  usbd_desc.o
    0x080073f8   0x080073f8   0x00000010   Code   RO         6969    i.USBD_FS_DeviceDescriptor  usbd_desc.o
    0x08007408   0x08007408   0x00000038   Code   RO         6970    i.USBD_FS_InterfaceStrDescriptor  usbd_desc.o
    0x08007440   0x08007440   0x00000010   Code   RO         6971    i.USBD_FS_LangIDStrDescriptor  usbd_desc.o
    0x08007450   0x08007450   0x0000002c   Code   RO         6972    i.USBD_FS_ManufacturerStrDescriptor  usbd_desc.o
    0x0800747c   0x0800747c   0x00000040   Code   RO         6973    i.USBD_FS_ProductStrDescriptor  usbd_desc.o
    0x080074bc   0x080074bc   0x00000018   Code   RO         6974    i.USBD_FS_SerialStrDescriptor  usbd_desc.o
    0x080074d4   0x080074d4   0x00000056   Code   RO         7506    i.USBD_GetConfig    usbd_ctlreq.o
    0x0800752a   0x0800752a   0x000001fc   Code   RO         7507    i.USBD_GetDescriptor  usbd_ctlreq.o
    0x08007726   0x08007726   0x00000050   Code   RO         7345    i.USBD_GetEpDesc    usbd_core.o
    0x08007776   0x08007776   0x00000016   Code   RO         7508    i.USBD_GetLen       usbd_ctlreq.o
    0x0800778c   0x0800778c   0x00000014   Code   RO         7346    i.USBD_GetNextDesc  usbd_core.o
    0x080077a0   0x080077a0   0x0000005a   Code   RO         7509    i.USBD_GetStatus    usbd_ctlreq.o
    0x080077fa   0x080077fa   0x00000068   Code   RO         7510    i.USBD_GetString    usbd_ctlreq.o
    0x08007862   0x08007862   0x0000002c   Code   RO         7147    i.USBD_Get_USB_Status  usbd_conf.o
    0x0800788e   0x0800788e   0x0000003a   Code   RO         7347    i.USBD_Init         usbd_core.o
    0x080078c8   0x080078c8   0x00000026   Code   RO         7148    i.USBD_LL_ClearStallEP  usbd_conf.o
    0x080078ee   0x080078ee   0x00000026   Code   RO         7149    i.USBD_LL_CloseEP   usbd_conf.o
    0x08007914   0x08007914   0x00000110   Code   RO         7348    i.USBD_LL_DataInStage  usbd_core.o
    0x08007a24   0x08007a24   0x0000010a   Code   RO         7349    i.USBD_LL_DataOutStage  usbd_core.o
    0x08007b2e   0x08007b2e   0x00000006   Code   RO         7350    i.USBD_LL_DevConnected  usbd_core.o
    0x08007b34   0x08007b34   0x00000026   Code   RO         7351    i.USBD_LL_DevDisconnected  usbd_core.o
    0x08007b5a   0x08007b5a   0x00000012   Code   RO         7153    i.USBD_LL_GetRxDataSize  usbd_conf.o
    0x08007b6c   0x08007b6c   0x00000068   Code   RO         7154    i.USBD_LL_Init      usbd_conf.o
    0x08007bd4   0x08007bd4   0x00000038   Code   RO         7155    i.USBD_LL_IsStallEP  usbd_conf.o
    0x08007c0c   0x08007c0c   0x00000048   Code   RO         7352    i.USBD_LL_IsoINIncomplete  usbd_core.o
    0x08007c54   0x08007c54   0x00000048   Code   RO         7353    i.USBD_LL_IsoOUTIncomplete  usbd_core.o
    0x08007c9c   0x08007c9c   0x00000030   Code   RO         7156    i.USBD_LL_OpenEP    usbd_conf.o
    0x08007ccc   0x08007ccc   0x00000030   Code   RO         7157    i.USBD_LL_PrepareReceive  usbd_conf.o
    0x08007cfc   0x08007cfc   0x0000006e   Code   RO         7354    i.USBD_LL_Reset     usbd_core.o
    0x08007d6a   0x08007d6a   0x00000016   Code   RO         7355    i.USBD_LL_Resume    usbd_core.o
    0x08007d80   0x08007d80   0x00000028   Code   RO         7356    i.USBD_LL_SOF       usbd_core.o
    0x08007da8   0x08007da8   0x00000008   Code   RO         7357    i.USBD_LL_SetSpeed  usbd_core.o
    0x08007db0   0x08007db0   0x00000026   Code   RO         7158    i.USBD_LL_SetUSBAddress  usbd_conf.o
    0x08007dd6   0x08007dd6   0x00000076   Code   RO         7358    i.USBD_LL_SetupStage  usbd_core.o
    0x08007e4c   0x08007e4c   0x00000026   Code   RO         7159    i.USBD_LL_StallEP   usbd_conf.o
    0x08007e72   0x08007e72   0x0000001e   Code   RO         7160    i.USBD_LL_Start     usbd_conf.o
    0x08007e90   0x08007e90   0x0000001c   Code   RO         7359    i.USBD_LL_Suspend   usbd_core.o
    0x08007eac   0x08007eac   0x00000030   Code   RO         7162    i.USBD_LL_Transmit  usbd_conf.o
    0x08007edc   0x08007edc   0x00000036   Code   RO         7511    i.USBD_ParseSetupRequest  usbd_ctlreq.o
    0x08007f12   0x08007f12   0x00000048   Code   RO         7360    i.USBD_RegisterClass  usbd_core.o
    0x08007f5a   0x08007f5a   0x00000006   Code   RO         7361    i.USBD_RunTestMode  usbd_core.o
    0x08007f60   0x08007f60   0x0000005a   Code   RO         7512    i.USBD_SetAddress   usbd_ctlreq.o
    0x08007fba   0x08007fba   0x00000020   Code   RO         7362    i.USBD_SetClassConfig  usbd_core.o
    0x08007fda   0x08007fda   0x00000002   PAD
    0x08007fdc   0x08007fdc   0x00000104   Code   RO         7513    i.USBD_SetConfig    usbd_ctlreq.o
    0x080080e0   0x080080e0   0x00000038   Code   RO         7514    i.USBD_SetFeature   usbd_ctlreq.o
    0x08008118   0x08008118   0x0000000c   Code   RO         7363    i.USBD_Start        usbd_core.o
    0x08008124   0x08008124   0x000000ae   Code   RO         7515    i.USBD_StdDevReq    usbd_ctlreq.o
    0x080081d2   0x080081d2   0x00000284   Code   RO         7516    i.USBD_StdEPReq     usbd_ctlreq.o
    0x08008456   0x08008456   0x000000ae   Code   RO         7517    i.USBD_StdItfReq    usbd_ctlreq.o
    0x08008504   0x08008504   0x00000002   Code   RO         7163    i.USBD_static_free  usbd_conf.o
    0x08008506   0x08008506   0x00000002   PAD
    0x08008508   0x08008508   0x0000000c   Code   RO         7164    i.USBD_static_malloc  usbd_conf.o
    0x08008514   0x08008514   0x000000d0   Code   RO         1306    i.USB_ActivateEndpoint  stm32f4xx_ll_usb.o
    0x080085e4   0x080085e4   0x00000028   Code   RO         1308    i.USB_ActivateSetup  stm32f4xx_ll_usb.o
    0x0800860c   0x0800860c   0x0000008c   Code   RO         1310    i.USB_CoreInit      stm32f4xx_ll_usb.o
    0x08008698   0x08008698   0x00000062   Code   RO         1311    i.USB_CoreReset     stm32f4xx_ll_usb.o
    0x080086fa   0x080086fa   0x00000002   PAD
    0x080086fc   0x080086fc   0x0000014c   Code   RO         1314    i.USB_DeactivateEndpoint  stm32f4xx_ll_usb.o
    0x08008848   0x08008848   0x00000024   Code   RO         1315    i.USB_DevConnect    stm32f4xx_ll_usb.o
    0x0800886c   0x0800886c   0x00000024   Code   RO         1316    i.USB_DevDisconnect  stm32f4xx_ll_usb.o
    0x08008890   0x08008890   0x000001e8   Code   RO         1317    i.USB_DevInit       stm32f4xx_ll_usb.o
    0x08008a78   0x08008a78   0x0000000e   Code   RO         1318    i.USB_DisableGlobalInt  stm32f4xx_ll_usb.o
    0x08008a86   0x08008a86   0x00000002   PAD
    0x08008a88   0x08008a88   0x00000070   Code   RO         1321    i.USB_EP0_OutStart  stm32f4xx_ll_usb.o
    0x08008af8   0x08008af8   0x0000008e   Code   RO         1322    i.USB_EPClearStall  stm32f4xx_ll_usb.o
    0x08008b86   0x08008b86   0x0000009a   Code   RO         1323    i.USB_EPSetStall    stm32f4xx_ll_usb.o
    0x08008c20   0x08008c20   0x000003c0   Code   RO         1324    i.USB_EPStartXfer   stm32f4xx_ll_usb.o
    0x08008fe0   0x08008fe0   0x000000ec   Code   RO         1325    i.USB_EPStopXfer    stm32f4xx_ll_usb.o
    0x080090cc   0x080090cc   0x0000000e   Code   RO         1326    i.USB_EnableGlobalInt  stm32f4xx_ll_usb.o
    0x080090da   0x080090da   0x00000050   Code   RO         1327    i.USB_FlushRxFifo   stm32f4xx_ll_usb.o
    0x0800912a   0x0800912a   0x00000054   Code   RO         1328    i.USB_FlushTxFifo   stm32f4xx_ll_usb.o
    0x0800917e   0x0800917e   0x00000026   Code   RO         1330    i.USB_GetDevSpeed   stm32f4xx_ll_usb.o
    0x080091a4   0x080091a4   0x0000000a   Code   RO         1332    i.USB_GetMode       stm32f4xx_ll_usb.o
    0x080091ae   0x080091ae   0x00000014   Code   RO         1340    i.USB_ReadDevAllInEpInterrupt  stm32f4xx_ll_usb.o
    0x080091c2   0x080091c2   0x00000014   Code   RO         1341    i.USB_ReadDevAllOutEpInterrupt  stm32f4xx_ll_usb.o
    0x080091d6   0x080091d6   0x00000032   Code   RO         1342    i.USB_ReadDevInEPInterrupt  stm32f4xx_ll_usb.o
    0x08009208   0x08009208   0x0000001a   Code   RO         1343    i.USB_ReadDevOutEPInterrupt  stm32f4xx_ll_usb.o
    0x08009222   0x08009222   0x0000000a   Code   RO         1344    i.USB_ReadInterrupts  stm32f4xx_ll_usb.o
    0x0800922c   0x0800922c   0x00000060   Code   RO         1345    i.USB_ReadPacket    stm32f4xx_ll_usb.o
    0x0800928c   0x0800928c   0x00000068   Code   RO         1347    i.USB_SetCurrentMode  stm32f4xx_ll_usb.o
    0x080092f4   0x080092f4   0x0000002a   Code   RO         1348    i.USB_SetDevAddress  stm32f4xx_ll_usb.o
    0x0800931e   0x0800931e   0x00000012   Code   RO         1349    i.USB_SetDevSpeed   stm32f4xx_ll_usb.o
    0x08009330   0x08009330   0x000000e8   Code   RO         1350    i.USB_SetTurnaroundTime  stm32f4xx_ll_usb.o
    0x08009418   0x08009418   0x00000044   Code   RO         1353    i.USB_WritePacket   stm32f4xx_ll_usb.o
    0x0800945c   0x0800945c   0x00000004   Code   RO          878    i.UsageFault_Handler  stm32f4xx_it.o
    0x08009460   0x08009460   0x0000003c   Code   RO         6886    i.Verify_CRC16_Check_Sum  crc.o
    0x0800949c   0x0800949c   0x00000026   Code   RO         8300    i.__ARM_fpclassifyf  m_wm.l(fpclassifyf.o)
    0x080094c2   0x080094c2   0x00000002   PAD
    0x080094c4   0x080094c4   0x00000010   Code   RO         2421    i.__NVIC_GetPriorityGrouping  stm32f4xx_hal_cortex.o
    0x080094d4   0x080094d4   0x00000028   Code   RO         2422    i.__NVIC_SetPriority  stm32f4xx_hal_cortex.o
    0x080094fc   0x080094fc   0x0000012c   Code   RO         8214    i.__hardfp_asinf    m_wm.l(asinf.o)
    0x08009628   0x08009628   0x00000250   Code   RO         8226    i.__hardfp_atan2f   m_wm.l(atan2f.o)
    0x08009878   0x08009878   0x00000014   Code   RO         8238    i.__hardfp_fabs     m_wm.l(fabs.o)
    0x0800988c   0x0800988c   0x00000006   Code   RO         8303    i.__mathlib_flt_infnan  m_wm.l(funder.o)
    0x08009892   0x08009892   0x00000006   Code   RO         8304    i.__mathlib_flt_infnan2  m_wm.l(funder.o)
    0x08009898   0x08009898   0x00000010   Code   RO         8305    i.__mathlib_flt_invalid  m_wm.l(funder.o)
    0x080098a8   0x080098a8   0x00000010   Code   RO         8308    i.__mathlib_flt_underflow  m_wm.l(funder.o)
    0x080098b8   0x080098b8   0x00000002   Code   RO         4775    i._ttywrch          ahrs_middleware.o
    0x080098ba   0x080098ba   0x00000002   PAD
    0x080098bc   0x080098bc   0x000001d0   Code   RO         7771    i.accel_comple_filter  AHRS.lib(ahrs.o)
    0x08009a8c   0x08009a8c   0x0000018c   Code   RO         7772    i.accel_update_kp_ki  AHRS.lib(ahrs.o)
    0x08009c18   0x08009c18   0x0000016c   Code   RO         7773    i.angle_to_quat     AHRS.lib(ahrs.o)
    0x08009d84   0x08009d84   0x00000128   Code   RO         4986    i.bmi088_accel_init  bmi088driver.o
    0x08009eac   0x08009eac   0x000000f4   Code   RO         4987    i.bmi088_gyro_init  bmi088driver.o
    0x08009fa0   0x08009fa0   0x0000008c   Code   RO         5256    i.cali_gyro_hook    ins_task.o
    0x0800a02c   0x0800a02c   0x0000005c   Code   RO          643    i.can_filter_init   can.o
    0x0800a088   0x0800a088   0x0000037c   Code   RO         6824    i.deal_dbus         rc.o
    0x0800a404   0x0800a404   0x00000032   Code   RO          328    i.differential_inverse_kinematics  main.o
    0x0800a436   0x0800a436   0x0000002e   Code   RO           19    i.flash_erase_address  bsp_flash.o
    0x0800a464   0x0800a464   0x00000048   Code   RO           20    i.flash_write       bsp_flash.o
    0x0800a4ac   0x0800a4ac   0x000000f4   Code   RO           23    i.ger_sector        bsp_flash.o
    0x0800a5a0   0x0800a5a0   0x00000178   Code   RO         6757    i.getEncoderData    motor.o
    0x0800a718   0x0800a718   0x000000e8   Code   RO         7774    i.get_angle         AHRS.lib(ahrs.o)
    0x0800a800   0x0800a800   0x0000004c   Code   RO         5257    i.gyro_offset       ins_task.o
    0x0800a84c   0x0800a84c   0x0000000e   Code   RO         6825    i.if_change         rc.o
    0x0800a85a   0x0800a85a   0x00000002   PAD
    0x0800a85c   0x0800a85c   0x00000194   Code   RO          329    i.main              main.o
    0x0800a9f0   0x0800a9f0   0x0000000e   Code   RO         6121    i.makeFreeRtosPriority  cmsis_os.o
    0x0800a9fe   0x0800a9fe   0x00000018   Code   RO         6123    i.osDelay           cmsis_os.o
    0x0800aa16   0x0800aa16   0x0000000a   Code   RO         6126    i.osKernelStart     cmsis_os.o
    0x0800aa20   0x0800aa20   0x0000005e   Code   RO         6160    i.osThreadCreate    cmsis_os.o
    0x0800aa7e   0x0800aa7e   0x00000002   PAD
    0x0800aa80   0x0800aa80   0x00000134   Code   RO          330    i.process_velocity_command  main.o
    0x0800abb4   0x0800abb4   0x00000098   Code   RO         5792    i.prvAddCurrentTaskToDelayedList  tasks.o
    0x0800ac4c   0x0800ac4c   0x000000b4   Code   RO         5793    i.prvAddNewTaskToReadyList  tasks.o
    0x0800ad00   0x0800ad00   0x00000048   Code   RO         5794    i.prvCheckTasksWaitingTermination  tasks.o
    0x0800ad48   0x0800ad48   0x00000050   Code   RO         5795    i.prvDeleteTCB      tasks.o
    0x0800ad98   0x0800ad98   0x0000007c   Code   RO         6488    i.prvHeapInit       heap_4.o
    0x0800ae14   0x0800ae14   0x00000028   Code   RO         5796    i.prvIdleTask       tasks.o
    0x0800ae3c   0x0800ae3c   0x000000b4   Code   RO         5797    i.prvInitialiseNewTask  tasks.o
    0x0800aef0   0x0800aef0   0x00000068   Code   RO         5798    i.prvInitialiseTaskLists  tasks.o
    0x0800af58   0x0800af58   0x00000068   Code   RO         6489    i.prvInsertBlockIntoFreeList  heap_4.o
    0x0800afc0   0x0800afc0   0x00000034   Code   RO         5799    i.prvResetNextTaskUnblockTime  tasks.o
    0x0800aff4   0x0800aff4   0x00000040   Code   RO         6556    i.prvTaskExitError  port.o
    0x0800b034   0x0800b034   0x0000014c   Code   RO         6490    i.pvPortMalloc      heap_4.o
    0x0800b180   0x0800b180   0x0000002c   Code   RO         6557    i.pxPortInitialiseStack  port.o
    0x0800b1ac   0x0800b1ac   0x00000084   Code   RO         7779    i.quat_normalization  AHRS.lib(ahrs.o)
    0x0800b230   0x0800b230   0x0000003e   Code   RO         8321    i.sqrtf             m_wm.l(sqrtf_full.o)
    0x0800b26e   0x0800b26e   0x0000007a   Code   RO         7780    i.update_w          AHRS.lib(ahrs.o)
    0x0800b2e8   0x0800b2e8   0x00000028   Code   RO         5424    i.uxListRemove      list.o
    0x0800b310   0x0800b310   0x00000018   Code   RO          579    i.vApplicationGetIdleTaskMemory  freertos.o
    0x0800b328   0x0800b328   0x0000001a   Code   RO         5425    i.vListInitialise   list.o
    0x0800b342   0x0800b342   0x00000006   Code   RO         5426    i.vListInitialiseItem  list.o
    0x0800b348   0x0800b348   0x00000034   Code   RO         5427    i.vListInsert       list.o
    0x0800b37c   0x0800b37c   0x00000018   Code   RO         5428    i.vListInsertEnd    list.o
    0x0800b394   0x0800b394   0x00000054   Code   RO         6559    i.vPortEnterCritical  port.o
    0x0800b3e8   0x0800b3e8   0x0000003c   Code   RO         6560    i.vPortExitCritical  port.o
    0x0800b424   0x0800b424   0x000000a4   Code   RO         6491    i.vPortFree         heap_4.o
    0x0800b4c8   0x0800b4c8   0x00000028   Code   RO         6561    i.vPortSetupTimerInterrupt  port.o
    0x0800b4f0   0x0800b4f0   0x0000005c   Code   RO         5808    i.vTaskDelay        tasks.o
    0x0800b54c   0x0800b54c   0x000000b0   Code   RO         5821    i.vTaskStartScheduler  tasks.o
    0x0800b5fc   0x0800b5fc   0x00000010   Code   RO         5823    i.vTaskSuspendAll   tasks.o
    0x0800b60c   0x0800b60c   0x0000008c   Code   RO         5824    i.vTaskSwitchContext  tasks.o
    0x0800b698   0x0800b698   0x00000034   Code   RO          331    i.wheel_speed_to_rpm  main.o
    0x0800b6cc   0x0800b6cc   0x00000168   Code   RO         6563    i.xPortStartScheduler  port.o
    0x0800b834   0x0800b834   0x00000034   Code   RO         6564    i.xPortSysTickHandler  port.o
    0x0800b868   0x0800b868   0x00000064   Code   RO         5827    i.xTaskCreate       tasks.o
    0x0800b8cc   0x0800b8cc   0x000000ba   Code   RO         5828    i.xTaskCreateStatic  tasks.o
    0x0800b986   0x0800b986   0x00000002   PAD
    0x0800b988   0x0800b988   0x00000020   Code   RO         5832    i.xTaskGetSchedulerState  tasks.o
    0x0800b9a8   0x0800b9a8   0x00000148   Code   RO         5835    i.xTaskIncrementTick  tasks.o
    0x0800baf0   0x0800baf0   0x00000104   Code   RO         5841    i.xTaskResumeAll    tasks.o
    0x0800bbf4   0x0800bbf4   0x00000018   Code   RO         8174    x$fpl$basic         g_wm.l(basic.o)
    0x0800bc0c   0x0800bc0c   0x000002c4   Code   RO         8176    x$fpl$d2f           g_wm.l(d2f_clz.o)
    0x0800bed0   0x0800bed0   0x0000024c   Code   RO         8178    x$fpl$dadd          g_wm.l(daddsub_clz.o)
    0x0800c11c   0x0800c11c   0x00000018   Code   RO         8277    x$fpl$dcmpinf       g_wm.l(dcmpi.o)
    0x0800c134   0x0800c134   0x0000002e   Code   RO         8189    x$fpl$dflt          g_wm.l(dflt_clz.o)
    0x0800c162   0x0800c162   0x0000001a   Code   RO         8190    x$fpl$dfltn         g_wm.l(dflt_clz.o)
    0x0800c17c   0x0800c17c   0x00000078   Code   RO         8194    x$fpl$dleqf         g_wm.l(dleqf.o)
    0x0800c1f4   0x0800c1f4   0x000001c0   Code   RO         8196    x$fpl$dmul          g_wm.l(dmul_clz.o)
    0x0800c3b4   0x0800c3b4   0x00000102   Code   RO         8279    x$fpl$dnaninf       g_wm.l(dnaninf.o)
    0x0800c4b6   0x0800c4b6   0x00000070   Code   RO         8281    x$fpl$drenorm       g_wm.l(drenorm_clz.o)
    0x0800c526   0x0800c526   0x0000000c   Code   RO         8283    x$fpl$dretinf       g_wm.l(dretinf.o)
    0x0800c532   0x0800c532   0x00000062   Code   RO         8198    x$fpl$drleqf        g_wm.l(drleqf.o)
    0x0800c594   0x0800c594   0x0000029c   Code   RO         8180    x$fpl$dsub          g_wm.l(daddsub_clz.o)
    0x0800c830   0x0800c830   0x0000017a   Code   RO         8287    x$fpl$dunder        g_wm.l(dunder_clz.o)
    0x0800c9aa   0x0800c9aa   0x00000002   PAD
    0x0800c9ac   0x0800c9ac   0x000001ec   Code   RO         8289    x$fpl$exception     g_wm.l(except.o)
    0x0800cb98   0x0800cb98   0x0000007a   Code   RO         8200    x$fpl$f2d           g_wm.l(f2d.o)
    0x0800cc12   0x0800cc12   0x000000f2   Code   RO         8291    x$fpl$fnaninf       g_wm.l(fnaninf.o)
    0x0800cd04   0x0800cd04   0x0000000a   Code   RO         8442    x$fpl$fpinit        g_wm.l(fpinit.o)
    0x0800cd0e   0x0800cd0e   0x0000000a   Code   RO         8293    x$fpl$fretinf       g_wm.l(fretinf.o)
    0x0800cd18   0x0800cd18   0x0000013c   Code   RO         8295    x$fpl$funder        g_wm.l(funder_clz.o)
    0x0800ce54   0x0800ce54   0x000000b2   Code   RO         8355    x$fpl$retnan        g_wm.l(retnan.o)
    0x0800cf06   0x0800cf06   0x0000007e   Code   RO         8297    x$fpl$trapveneer    g_wm.l(trapv.o)
    0x0800cf84   0x0800cf84   0x00000000   Code   RO         8299    x$fpl$usenofp       g_wm.l(usenofp.o)
    0x0800cf84   0x0800cf84   0x00000054   Data   RO          581    .constdata          freertos.o
    0x0800cfd8   0x0800cfd8   0x00000008   Data   RO         2135    .constdata          stm32f4xx_hal_dma.o
    0x0800cfe0   0x0800cfe0   0x00000018   Data   RO         4731    .constdata          system_stm32f4xx.o
    0x0800cff8   0x0800cff8   0x00000010   Data   RO         5260    .constdata          ins_task.o
    0x0800d008   0x0800d008   0x00000200   Data   RO         6887    .constdata          crc.o
    0x0800d208   0x0800d208   0x0000000c   Data   RO         7781    .constdata          AHRS.lib(ahrs.o)
    0x0800d214   0x0800d214   0x00000804   Data   RO         8135    .constdata          arm_cortexM4lf_math.lib(arm_common_tables.o)
    0x0800da18   0x0800da18   0x00000021   Data   RO          582    .conststring        freertos.o
    0x0800da39   0x0800da39   0x00000003   PAD
    0x0800da3c   0x0800da3c   0x00000020   Data   RO         8496    Region$$Table       anon$$obj.o


    Execution Region RW_IRAM1 (Exec base: 0x20000000, Load base: 0x0800da5c, Size: 0x00007868, Max: 0x0001c000, ABSOLUTE, COMPRESSED[0x00000324])

    Exec Addr    Load Addr    Size         Type   Attr      Idx    E Section Name        Object

    0x20000000   COMPRESSED   0x0000002c   Data   RW           25    .data               bsp_flash.o
    0x2000002c   COMPRESSED   0x00000008   Data   RW          333    .data               main.o
    0x20000034   COMPRESSED   0x0000000c   Data   RW          583    .data               freertos.o
    0x20000040   COMPRESSED   0x00000004   Data   RW          645    .data               can.o
    0x20000044   COMPRESSED   0x00000009   Data   RW         2585    .data               stm32f4xx_hal.o
    0x2000004d   COMPRESSED   0x00000003   PAD
    0x20000050   COMPRESSED   0x00000004   Data   RW         4732    .data               system_stm32f4xx.o
    0x20000054   COMPRESSED   0x0000002c   Data   RW         4988    .data               bmi088driver.o
    0x20000080   COMPRESSED   0x00000054   Data   RW         5261    .data               ins_task.o
    0x200000d4   COMPRESSED   0x0000003c   Data   RW         5844    .data               tasks.o
    0x20000110   COMPRESSED   0x00000020   Data   RW         6497    .data               heap_4.o
    0x20000130   COMPRESSED   0x0000000c   Data   RW         6565    .data               port.o
    0x2000013c   COMPRESSED   0x00000020   Data   RW         6660    .data               shoot_task.o
    0x2000015c   COMPRESSED   0x00000014   Data   RW         6759    .data               motor.o
    0x20000170   COMPRESSED   0x00000816   Data   RW         6830    .data               rc.o
    0x20000986   COMPRESSED   0x00000002   PAD
    0x20000988   COMPRESSED   0x0000004e   Data   RW         6976    .data               usbd_desc.o
    0x200009d6   COMPRESSED   0x00000002   PAD
    0x200009d8   COMPRESSED   0x00000014   Data   RW         7074    .data               usbd_cdc_if.o
    0x200009ec   COMPRESSED   0x00000001   Data   RW         7518    .data               usbd_ctlreq.o
    0x200009ed   COMPRESSED   0x00000003   PAD
    0x200009f0   COMPRESSED   0x0000008a   Data   RW         7681    .data               usbd_cdc.o
    0x20000a7a   COMPRESSED   0x00000002   PAD
    0x20000a7c   COMPRESSED   0x00000010   Data   RW         7782    .data               AHRS.lib(ahrs.o)
    0x20000a8c        -       0x00000063   Zero   RW          332    .bss                main.o
    0x20000aef   COMPRESSED   0x00000001   PAD
    0x20000af0        -       0x00000454   Zero   RW          580    .bss                freertos.o
    0x20000f44        -       0x00000068   Zero   RW          644    .bss                can.o
    0x20000fac        -       0x00000118   Zero   RW          731    .bss                spi.o
    0x200010c4        -       0x00000048   Zero   RW          773    .bss                tim.o
    0x2000110c        -       0x000000f0   Zero   RW          816    .bss                usart.o
    0x200011fc        -       0x00000020   Zero   RW         1789    .bss                stm32f4xx_hal_flash.o
    0x2000121c        -       0x000000ec   Zero   RW         5259    .bss                ins_task.o
    0x20001308        -       0x000000f0   Zero   RW         5843    .bss                tasks.o
    0x200013f8        -       0x00003c00   Zero   RW         6496    .bss                heap_4.o
    0x20004ff8        -       0x000005d8   Zero   RW         6758    .bss                motor.o
    0x200055d0        -       0x00000058   Zero   RW         6829    .bss                rc.o
    0x20005628        -       0x000002dc   Zero   RW         6919    .bss                usb_device.o
    0x20005904        -       0x00000200   Zero   RW         6975    .bss                usbd_desc.o
    0x20005b04        -       0x00001000   Zero   RW         7073    .bss                usbd_cdc_if.o
    0x20006b04        -       0x00000704   Zero   RW         7165    .bss                usbd_conf.o
    0x20007208        -       0x00000060   Zero   RW         8358    .bss                c_w.l(libspace.o)
    0x20007268        -       0x00000200   Zero   RW            2    HEAP                startup_stm32f407xx.o
    0x20007468        -       0x00000400   Zero   RW            1    STACK               startup_stm32f407xx.o


    Execution Region RW_IRAM2 (Exec base: 0x2001c000, Load base: 0x0800dd80, Size: 0x00000000, Max: 0x00004000, ABSOLUTE)

    **** No section assigned to this execution region ****


==============================================================================

Image component sizes


      Code (inc. data)   RO Data    RW Data    ZI Data      Debug   Object Name

       184          8          0          0          0       6091   ahrs_middleware.o
      1022         20          0         44          0       8143   bmi088driver.o
       216         28          0          0          0       5708   bmi088middleware.o
       800        126          0         44          0      25449   bsp_flash.o
       752         64          0          4        104       4481   can.o
       142          0          0          0          0      23043   cmsis_os.o
       112          6        512          0          0       1948   crc.o
       120          6          0          0          0        826   dma.o
         0          0          0          0          0      16900   event_groups.o
       130         26        117         12       1108       2668   freertos.o
       300         16          0          0          0       1071   gpio.o
       724         74          0         32      15360       7435   heap_4.o
      1472        158         16         84        236       6489   ins_task.o
       148          0          0          0          0       3582   list.o
      1128        120          0          8         99     758603   main.o
      1534        132          0         20       1496       6717   motor.o
        32          4          0          0          0        501   myins_task.o
       894         78          0         12          0      11188   port.o
      1178         40          0       2070         88       4614   rc.o
       860         76          0         32          0       1192   shoot_task.o
       416         38          0          0        280       1947   spi.o
        64         26        392          0       1536        844   startup_stm32f407xx.o
       212         36          0          9          0       9425   stm32f4xx_hal.o
      2144          4          0          0          0      14443   stm32f4xx_hal_can.o
       312         22          0          0          0      34359   stm32f4xx_hal_cortex.o
      1436         16          8          0          0       7062   stm32f4xx_hal_dma.o
       632         64          0          0         32       5994   stm32f4xx_hal_flash.o
       432         28          0          0          0       3270   stm32f4xx_hal_flash_ex.o
       542         50          0          0          0       3336   stm32f4xx_hal_gpio.o
        84          6          0          0          0        866   stm32f4xx_hal_msp.o
      3562         16          0          0          0      13840   stm32f4xx_hal_pcd.o
        90          0          0          0          0       2449   stm32f4xx_hal_pcd_ex.o
      1820         84          0          0          0       5660   stm32f4xx_hal_rcc.o
      1136         12          0          0          0       4669   stm32f4xx_hal_spi.o
       868         76          0          0          0       6643   stm32f4xx_hal_tim.o
       184         30          0          0          0       2541   stm32f4xx_hal_tim_ex.o
      2666         28          0          0          0      15766   stm32f4xx_hal_uart.o
       222         60          0          0          0       9377   stm32f4xx_it.o
      3908         84          0          0          0      22960   stm32f4xx_ll_usb.o
        20          6         24          4          0       1139   system_stm32f4xx.o
      2190        278          0         60        240      21082   tasks.o
       148         18          0          0         72       1618   tim.o
       512         54          0          0        240       2530   usart.o
        76         16          0          0        732       2603   usb_device.o
      1684         48          0        138          0      13535   usbd_cdc.o
       148         16          0         20       4096       3550   usbd_cdc_if.o
      1004         24          0          0       1796      17724   usbd_conf.o
      1372          0          0          0          0      16641   usbd_core.o
      2366         30          0          1          0      17936   usbd_ctlreq.o
       386        122          0         78        512       6929   usbd_desc.o
       182          0          0          0          0       4744   usbd_ioreq.o

    ----------------------------------------------------------------------
     42624       2274       1104       2684      28028    1172131   Object Totals
         0          0         32          0          0          0   (incl. Generated)
        58          0          3         12          1          0   (incl. Padding)

    ----------------------------------------------------------------------

      Code (inc. data)   RO Data    RW Data    ZI Data      Debug   Library Member Name

      2718         84         12         16          0       9922   ahrs.o
         0          0       2052          0          0       4636   arm_common_tables.o
       120         12          0          0          0      16970   arm_cos_f32.o
       116         12          0          0          0        658   arm_sin_f32.o
        90          0          0          0          0          0   __dczerorl2.o
         8          0          0          0          0         68   __main.o
         0          0          0          0          0          0   __rtentry.o
        12          0          0          0          0          0   __rtentry2.o
         6          0          0          0          0          0   __rtentry4.o
        52          8          0          0          0          0   __scatter.o
        28          0          0          0          0          0   __scatter_zi.o
        48          4          0          0          0         84   _fptrap.o
        22          0          0          0          0        100   _rserrno.o
        10          0          0          0          0         68   defsig_exit.o
       172        110          0          0          0         76   defsig_fpe_inner.o
        14          0          0          0          0         80   defsig_fpe_outer.o
        50          0          0          0          0         88   defsig_general.o
        18          0          0          0          0         80   exit.o
         6          0          0          0          0        152   heapauxi.o
         0          0          0          0          0          0   indicate_semi.o
         2          0          0          0          0          0   libinit.o
         6          0          0          0          0          0   libinit2.o
         2          0          0          0          0          0   libshutdown.o
         2          0          0          0          0          0   libshutdown2.o
         8          4          0          0         96         68   libspace.o
       238          0          0          0          0        100   lludivv7m.o
         8          4          0          0          0         68   rt_errno_addr_intlibspace.o
        78          0          0          0          0         80   rt_memclr_w.o
       100          0          0          0          0         80   rt_memcpy_w.o
         2          0          0          0          0          0   rtexit.o
        10          0          0          0          0          0   rtexit2.o
        12          4          0          0          0         68   sys_exit.o
        74          0          0          0          0         80   sys_stackheap_outer.o
         2          0          0          0          0         68   use_no_semi.o
        24          0          0          0          0        164   basic.o
       708         16          0          0          0        140   d2f_clz.o
      1256         28          0          0          0        408   daddsub_clz.o
        24          0          0          0          0        116   dcmpi.o
        72          0          0          0          0        232   dflt_clz.o
       120          8          0          0          0        140   dleqf.o
       448         16          0          0          0        164   dmul_clz.o
       258          4          0          0          0        156   dnaninf.o
       112          0          0          0          0        160   drenorm_clz.o
        12          0          0          0          0        116   dretinf.o
        98          0          0          0          0        128   drleqf.o
       378          0          0          0          0        168   dunder_clz.o
       492         36          0          0          0        148   except.o
       122          8          0          0          0        132   f2d.o
       242          4          0          0          0        144   fnaninf.o
        10          0          0          0          0        116   fpinit.o
        10          0          0          0          0        116   fretinf.o
       316          0          0          0          0        132   funder_clz.o
       178          0          0          0          0        116   retnan.o
       126          0          0          0          0        148   trapv.o
         0          0          0          0          0          0   usenofp.o
       300         42          0          0          0        176   asinf.o
       592         90          0          0          0        184   atan2f.o
        20          0          0          0          0        124   fabs.o
        38          0          0          0          0        116   fpclassifyf.o
        44         12          0          0          0        464   funder.o
        62          0          0          0          0        136   sqrtf_full.o

    ----------------------------------------------------------------------
     10108        506       2064         16         96      37938   Library Totals
        12          0          0          0          0          0   (incl. Padding)

    ----------------------------------------------------------------------

      Code (inc. data)   RO Data    RW Data    ZI Data      Debug   Library Name

      2718         84         12         16          0       9922   AHRS.lib
       236         24       2052          0          0      22264   arm_cortexM4lf_math.lib
      1080        134          0          0         96       1408   c_w.l
      5006        120          0          0          0       3144   g_wm.l
      1056        144          0          0          0       1200   m_wm.l

    ----------------------------------------------------------------------
     10108        506       2064         16         96      37938   Library Totals

    ----------------------------------------------------------------------

==============================================================================


      Code (inc. data)   RO Data    RW Data    ZI Data      Debug   

     52732       2780       3168       2700      28124    1168893   Grand Totals
     52732       2780       3168        804      28124    1168893   ELF Image Totals (compressed)
     52732       2780       3168        804          0          0   ROM Totals

==============================================================================

    Total RO  Size (Code + RO Data)                55900 (  54.59kB)
    Total RW  Size (RW Data + ZI Data)             30824 (  30.10kB)
    Total ROM Size (Code + RO Data + RW Data)      56704 (  55.38kB)

==============================================================================

